Archive member included to satisfy reference by file (symbol)

/opt/Atollic_TrueSTUDIO_for_STM32_x86_64_9.3.0/ARMTools/bin/../lib/gcc/arm-atollic-eabi/6.3.1/../../../../arm-atollic-eabi/lib/armv7e-m/fpu/libc_nano.a(lib_a-init.o)
                              startup/startup_stm32f429xx.o (__libc_init_array)
/opt/Atollic_TrueSTUDIO_for_STM32_x86_64_9.3.0/ARMTools/bin/../lib/gcc/arm-atollic-eabi/6.3.1/../../../../arm-atollic-eabi/lib/armv7e-m/fpu/libc_nano.a(lib_a-memcmp.o)
                              Middlewares/Third_Party/LwIP/src/netif/ethernet.o (memcmp)
/opt/Atollic_TrueSTUDIO_for_STM32_x86_64_9.3.0/ARMTools/bin/../lib/gcc/arm-atollic-eabi/6.3.1/../../../../arm-atollic-eabi/lib/armv7e-m/fpu/libc_nano.a(lib_a-memcpy-stub.o)
                              Middlewares/Third_Party/FreeRTOS/Source/queue.o (memcpy)
/opt/Atollic_TrueSTUDIO_for_STM32_x86_64_9.3.0/ARMTools/bin/../lib/gcc/arm-atollic-eabi/6.3.1/../../../../arm-atollic-eabi/lib/armv7e-m/fpu/libc_nano.a(lib_a-memset.o)
                              Middlewares/Third_Party/FreeRTOS/Source/CMSIS_RTOS/cmsis_os.o (memset)
/opt/Atollic_TrueSTUDIO_for_STM32_x86_64_9.3.0/ARMTools/bin/../lib/gcc/arm-atollic-eabi/6.3.1/../../../../arm-atollic-eabi/lib/armv7e-m/fpu/libc_nano.a(lib_a-printf.o)
                              Middlewares/Third_Party/LwIP/src/api/api_lib.o (printf)
/opt/Atollic_TrueSTUDIO_for_STM32_x86_64_9.3.0/ARMTools/bin/../lib/gcc/arm-atollic-eabi/6.3.1/../../../../arm-atollic-eabi/lib/armv7e-m/fpu/libc_nano.a(lib_a-rand.o)
                              Middlewares/Third_Party/LwIP/src/core/ipv4/dhcp.o (rand)
/opt/Atollic_TrueSTUDIO_for_STM32_x86_64_9.3.0/ARMTools/bin/../lib/gcc/arm-atollic-eabi/6.3.1/../../../../arm-atollic-eabi/lib/armv7e-m/fpu/libc_nano.a(lib_a-strlen.o)
                              Middlewares/Third_Party/LwIP/src/apps/mqtt/mqtt.o (strlen)
/opt/Atollic_TrueSTUDIO_for_STM32_x86_64_9.3.0/ARMTools/bin/../lib/gcc/arm-atollic-eabi/6.3.1/../../../../arm-atollic-eabi/lib/armv7e-m/fpu/libc_nano.a(lib_a-strncmp.o)
                              Middlewares/Third_Party/LwIP/src/core/def.o (strncmp)
/opt/Atollic_TrueSTUDIO_for_STM32_x86_64_9.3.0/ARMTools/bin/../lib/gcc/arm-atollic-eabi/6.3.1/../../../../arm-atollic-eabi/lib/armv7e-m/fpu/libc_nano.a(lib_a-findfp.o)
                              /opt/Atollic_TrueSTUDIO_for_STM32_x86_64_9.3.0/ARMTools/bin/../lib/gcc/arm-atollic-eabi/6.3.1/../../../../arm-atollic-eabi/lib/armv7e-m/fpu/libc_nano.a(lib_a-printf.o) (__sinit)
/opt/Atollic_TrueSTUDIO_for_STM32_x86_64_9.3.0/ARMTools/bin/../lib/gcc/arm-atollic-eabi/6.3.1/../../../../arm-atollic-eabi/lib/armv7e-m/fpu/libc_nano.a(lib_a-fwalk.o)
                              /opt/Atollic_TrueSTUDIO_for_STM32_x86_64_9.3.0/ARMTools/bin/../lib/gcc/arm-atollic-eabi/6.3.1/../../../../arm-atollic-eabi/lib/armv7e-m/fpu/libc_nano.a(lib_a-findfp.o) (_fwalk)
/opt/Atollic_TrueSTUDIO_for_STM32_x86_64_9.3.0/ARMTools/bin/../lib/gcc/arm-atollic-eabi/6.3.1/../../../../arm-atollic-eabi/lib/armv7e-m/fpu/libc_nano.a(lib_a-impure.o)
                              /opt/Atollic_TrueSTUDIO_for_STM32_x86_64_9.3.0/ARMTools/bin/../lib/gcc/arm-atollic-eabi/6.3.1/../../../../arm-atollic-eabi/lib/armv7e-m/fpu/libc_nano.a(lib_a-findfp.o) (_global_impure_ptr)
/opt/Atollic_TrueSTUDIO_for_STM32_x86_64_9.3.0/ARMTools/bin/../lib/gcc/arm-atollic-eabi/6.3.1/../../../../arm-atollic-eabi/lib/armv7e-m/fpu/libc_nano.a(lib_a-malloc.o)
                              /opt/Atollic_TrueSTUDIO_for_STM32_x86_64_9.3.0/ARMTools/bin/../lib/gcc/arm-atollic-eabi/6.3.1/../../../../arm-atollic-eabi/lib/armv7e-m/fpu/libc_nano.a(lib_a-rand.o) (malloc)
/opt/Atollic_TrueSTUDIO_for_STM32_x86_64_9.3.0/ARMTools/bin/../lib/gcc/arm-atollic-eabi/6.3.1/../../../../arm-atollic-eabi/lib/armv7e-m/fpu/libc_nano.a(lib_a-nano-freer.o)
                              /opt/Atollic_TrueSTUDIO_for_STM32_x86_64_9.3.0/ARMTools/bin/../lib/gcc/arm-atollic-eabi/6.3.1/../../../../arm-atollic-eabi/lib/armv7e-m/fpu/libc_nano.a(lib_a-malloc.o) (_free_r)
/opt/Atollic_TrueSTUDIO_for_STM32_x86_64_9.3.0/ARMTools/bin/../lib/gcc/arm-atollic-eabi/6.3.1/../../../../arm-atollic-eabi/lib/armv7e-m/fpu/libc_nano.a(lib_a-nano-mallocr.o)
                              /opt/Atollic_TrueSTUDIO_for_STM32_x86_64_9.3.0/ARMTools/bin/../lib/gcc/arm-atollic-eabi/6.3.1/../../../../arm-atollic-eabi/lib/armv7e-m/fpu/libc_nano.a(lib_a-findfp.o) (_malloc_r)
/opt/Atollic_TrueSTUDIO_for_STM32_x86_64_9.3.0/ARMTools/bin/../lib/gcc/arm-atollic-eabi/6.3.1/../../../../arm-atollic-eabi/lib/armv7e-m/fpu/libc_nano.a(lib_a-nano-vfprintf.o)
                              /opt/Atollic_TrueSTUDIO_for_STM32_x86_64_9.3.0/ARMTools/bin/../lib/gcc/arm-atollic-eabi/6.3.1/../../../../arm-atollic-eabi/lib/armv7e-m/fpu/libc_nano.a(lib_a-printf.o) (_vfprintf_r)
/opt/Atollic_TrueSTUDIO_for_STM32_x86_64_9.3.0/ARMTools/bin/../lib/gcc/arm-atollic-eabi/6.3.1/../../../../arm-atollic-eabi/lib/armv7e-m/fpu/libc_nano.a(lib_a-nano-vfprintf_i.o)
[...]
Memory Configuration

Name             Origin             Length             Attributes
RAM              0x0000000020000000 0x0000000000030000 xrw
CCMRAM           0x0000000010000000 0x0000000000010000 rw
FLASH            0x0000000008000000 0x0000000000200000 xr
*default*        0x0000000000000000 0xffffffffffffffff

Linker script and memory map

LOAD /opt/Atollic_TrueSTUDIO_for_STM32_x86_64_9.3.0/ARMTools/bin/../lib/gcc/arm-atollic-eabi/6.3.1/armv7e-m/fpu/crti.o
LOAD /opt/Atollic_TrueSTUDIO_for_STM32_x86_64_9.3.0/ARMTools/bin/../lib/gcc/arm-atollic-eabi/6.3.1/armv7e-m/fpu/crtbegin.o
LOAD Drivers/STM32F4xx_HAL_Driver/Src/stm32f4xx_hal.o
LOAD Drivers/STM32F4xx_HAL_Driver/Src/stm32f4xx_hal_cortex.o
LOAD Drivers/STM32F4xx_HAL_Driver/Src/stm32f4xx_hal_dma.o
LOAD Drivers/STM32F4xx_HAL_Driver/Src/stm32f4xx_hal_dma_ex.o
LOAD Drivers/STM32F4xx_HAL_Driver/Src/stm32f4xx_hal_eth.o
LOAD Drivers/STM32F4xx_HAL_Driver/Src/stm32f4xx_hal_exti.o
LOAD Drivers/STM32F4xx_HAL_Driver/Src/stm32f4xx_hal_flash.o
LOAD Drivers/STM32F4xx_HAL_Driver/Src/stm32f4xx_hal_flash_ex.o
LOAD Drivers/STM32F4xx_HAL_Driver/Src/stm32f4xx_hal_flash_ramfunc.o
LOAD Drivers/STM32F4xx_HAL_Driver/Src/stm32f4xx_hal_gpio.o
LOAD Drivers/STM32F4xx_HAL_Driver/Src/stm32f4xx_hal_pwr.o
LOAD Drivers/STM32F4xx_HAL_Driver/Src/stm32f4xx_hal_pwr_ex.o
LOAD Drivers/STM32F4xx_HAL_Driver/Src/stm32f4xx_hal_rcc.o
LOAD Drivers/STM32F4xx_HAL_Driver/Src/stm32f4xx_hal_rcc_ex.o
LOAD Drivers/STM32F4xx_HAL_Driver/Src/stm32f4xx_hal_tim.o
LOAD Drivers/STM32F4xx_HAL_Driver/Src/stm32f4xx_hal_tim_ex.o
LOAD Middlewares/Third_Party/FreeRTOS/Source/CMSIS_RTOS/cmsis_os.o
LOAD Middlewares/Third_Party/FreeRTOS/Source/croutine.o
LOAD Middlewares/Third_Party/FreeRTOS/Source/event_groups.o
LOAD Middlewares/Third_Party/FreeRTOS/Source/list.o
LOAD Middlewares/Third_Party/FreeRTOS/Source/portable/GCC/ARM_CM4F/port.o
LOAD Middlewares/Third_Party/FreeRTOS/Source/portable/MemMang/heap_4.o
LOAD Middlewares/Third_Party/FreeRTOS/Source/queue.o
LOAD Middlewares/Third_Party/FreeRTOS/Source/stream_buffer.o
LOAD Middlewares/Third_Party/FreeRTOS/Source/tasks.o
LOAD Middlewares/Third_Party/FreeRTOS/Source/timers.o
LOAD Middlewares/Third_Party/LwIP/src/api/api_lib.o
LOAD Middlewares/Third_Party/LwIP/src/api/api_msg.o
LOAD Middlewares/Third_Party/LwIP/src/api/err.o
LOAD Middlewares/Third_Party/LwIP/src/api/netbuf.o
LOAD Middlewares/Third_Party/LwIP/src/api/netdb.o
LOAD Middlewares/Third_Party/LwIP/src/api/netifapi.o
LOAD Middlewares/Third_Party/LwIP/src/api/sockets.o
LOAD Middlewares/Third_Party/LwIP/src/api/tcpip.o
LOAD Middlewares/Third_Party/LwIP/src/apps/mqtt/mqtt.o
LOAD Middlewares/Third_Party/LwIP/src/core/def.o
LOAD Middlewares/Third_Party/LwIP/src/core/dns.o
LOAD Middlewares/Third_Party/LwIP/src/core/inet_chksum.o
LOAD Middlewares/Third_Party/LwIP/src/core/init.o
LOAD Middlewares/Third_Party/LwIP/src/core/ip.o
LOAD Middlewares/Third_Party/LwIP/src/core/ipv4/autoip.o
LOAD Middlewares/Third_Party/LwIP/src/core/ipv4/dhcp.o
LOAD Middlewares/Third_Party/LwIP/src/core/ipv4/etharp.o
LOAD Middlewares/Third_Party/LwIP/src/core/ipv4/icmp.o
LOAD Middlewares/Third_Party/LwIP/src/core/ipv4/igmp.o
LOAD Middlewares/Third_Party/LwIP/src/core/ipv4/ip4.o
LOAD Middlewares/Third_Party/LwIP/src/core/ipv4/ip4_addr.o
LOAD Middlewares/Third_Party/LwIP/src/core/ipv4/ip4_frag.o
LOAD Middlewares/Third_Party/LwIP/src/core/ipv6/dhcp6.o
LOAD Middlewares/Third_Party/LwIP/src/core/ipv6/ethip6.o
LOAD Middlewares/Third_Party/LwIP/src/core/ipv6/icmp6.o
LOAD Middlewares/Third_Party/LwIP/src/core/ipv6/inet6.o
LOAD Middlewares/Third_Party/LwIP/src/core/ipv6/ip6.o
LOAD Middlewares/Third_Party/LwIP/src/core/ipv6/ip6_addr.o
LOAD Middlewares/Third_Party/LwIP/src/core/ipv6/ip6_frag.o
LOAD Middlewares/Third_Party/LwIP/src/core/ipv6/mld6.o
LOAD Middlewares/Third_Party/LwIP/src/core/ipv6/nd6.o
LOAD Middlewares/Third_Party/LwIP/src/core/mem.o
LOAD Middlewares/Third_Party/LwIP/src/core/memp.o
LOAD Middlewares/Third_Party/LwIP/src/core/netif.o
LOAD Middlewares/Third_Party/LwIP/src/core/pbuf.o
LOAD Middlewares/Third_Party/LwIP/src/core/raw.o
LOAD Middlewares/Third_Party/LwIP/src/core/stats.o
LOAD Middlewares/Third_Party/LwIP/src/core/sys.o
LOAD Middlewares/Third_Party/LwIP/src/core/tcp.o
LOAD Middlewares/Third_Party/LwIP/src/core/tcp_in.o
LOAD Middlewares/Third_Party/LwIP/src/core/tcp_out.o
LOAD Middlewares/Third_Party/LwIP/src/core/timeouts.o
LOAD Middlewares/Third_Party/LwIP/src/core/udp.o
LOAD Middlewares/Third_Party/LwIP/src/netif/ethernet.o
LOAD Middlewares/Third_Party/LwIP/src/netif/lowpan6.o
LOAD Middlewares/Third_Party/LwIP/src/netif/ppp/auth.o
LOAD Middlewares/Third_Party/LwIP/src/netif/ppp/ccp.o
LOAD Middlewares/Third_Party/LwIP/src/netif/ppp/chap-md5.o
LOAD Middlewares/Third_Party/LwIP/src/netif/ppp/chap-new.o
LOAD Middlewares/Third_Party/LwIP/src/netif/ppp/chap_ms.o
LOAD Middlewares/Third_Party/LwIP/src/netif/ppp/demand.o
LOAD Middlewares/Third_Party/LwIP/src/netif/ppp/eap.o
LOAD Middlewares/Third_Party/LwIP/src/netif/ppp/ecp.o
LOAD Middlewares/Third_Party/LwIP/src/netif/ppp/eui64.o
LOAD Middlewares/Third_Party/LwIP/src/netif/ppp/fsm.o
LOAD Middlewares/Third_Party/LwIP/src/netif/ppp/ipcp.o
LOAD Middlewares/Third_Party/LwIP/src/netif/ppp/ipv6cp.o
LOAD Middlewares/Third_Party/LwIP/src/netif/ppp/lcp.o
LOAD Middlewares/Third_Party/LwIP/src/netif/ppp/magic.o
LOAD Middlewares/Third_Party/LwIP/src/netif/ppp/mppe.o
LOAD Middlewares/Third_Party/LwIP/src/netif/ppp/multilink.o
LOAD Middlewares/Third_Party/LwIP/src/netif/ppp/ppp.o
LOAD Middlewares/Third_Party/LwIP/src/netif/ppp/pppapi.o
LOAD Middlewares/Third_Party/LwIP/src/netif/ppp/pppcrypt.o
LOAD Middlewares/Third_Party/LwIP/src/netif/ppp/pppoe.o
LOAD Middlewares/Third_Party/LwIP/src/netif/ppp/pppol2tp.o
LOAD Middlewares/Third_Party/LwIP/src/netif/ppp/pppos.o
LOAD Middlewares/Third_Party/LwIP/src/netif/ppp/upap.o
LOAD Middlewares/Third_Party/LwIP/src/netif/ppp/utils.o
LOAD Middlewares/Third_Party/LwIP/src/netif/ppp/vj.o
LOAD Middlewares/Third_Party/LwIP/src/netif/slipif.o
LOAD Middlewares/Third_Party/LwIP/system/OS/sys_arch.o
LOAD Src/ethernetif.o
LOAD Src/freertos.o
LOAD Src/gpio.o
LOAD Src/lwip.o
LOAD Src/main.o
LOAD Src/stm32f4xx_hal_msp.o
LOAD Src/stm32f4xx_hal_timebase_tim.o
LOAD Src/stm32f4xx_it.o
LOAD Src/syscalls.o
LOAD Src/system_stm32f4xx.o
LOAD startup/startup_stm32f429xx.o
                0x0000000000000080                malloc_getpagesize_P = 0x80
START GROUP
LOAD /opt/Atollic_TrueSTUDIO_for_STM32_x86_64_9.3.0/ARMTools/bin/../lib/gcc/arm-atollic-eabi/6.3.1/../../../../arm-atollic-eabi/lib/armv7e-m/fpu/libc_nano.a
LOAD /opt/Atollic_TrueSTUDIO_for_STM32_x86_64_9.3.0/ARMTools/bin/../lib/gcc/arm-atollic-eabi/6.3.1/../../../../arm-atollic-eabi/lib/armv7e-m/fpu/libm.a
END GROUP
START GROUP
LOAD /opt/Atollic_TrueSTUDIO_for_STM32_x86_64_9.3.0/ARMTools/bin/../lib/gcc/arm-atollic-eabi/6.3.1/armv7e-m/fpu/libgcc.a
LOAD /opt/Atollic_TrueSTUDIO_for_STM32_x86_64_9.3.0/ARMTools/bin/../lib/gcc/arm-atollic-eabi/6.3.1/../../../../arm-atollic-eabi/lib/armv7e-m/fpu/libc_nano.a
END GROUP
START GROUP
LOAD /opt/Atollic_TrueSTUDIO_for_STM32_x86_64_9.3.0/ARMTools/bin/../lib/gcc/arm-atollic-eabi/6.3.1/armv7e-m/fpu/libgcc.a
LOAD /opt/Atollic_TrueSTUDIO_for_STM32_x86_64_9.3.0/ARMTools/bin/../lib/gcc/arm-atollic-eabi/6.3.1/../../../../arm-atollic-eabi/lib/armv7e-m/fpu/libc_nano.a
LOAD /opt/Atollic_TrueSTUDIO_for_STM32_x86_64_9.3.0/ARMTools/bin/../lib/gcc/arm-atollic-eabi/6.3.1/../../../../arm-atollic-eabi/lib/armv7e-m/fpu/libnosys.a
END GROUP
START GROUP
LOAD /opt/Atollic_TrueSTUDIO_for_STM32_x86_64_9.3.0/ARMTools/bin/../lib/gcc/arm-atollic-eabi/6.3.1/armv7e-m/fpu/libgcc.a
LOAD /opt/Atollic_TrueSTUDIO_for_STM32_x86_64_9.3.0/ARMTools/bin/../lib/gcc/arm-atollic-eabi/6.3.1/../../../../arm-atollic-eabi/lib/armv7e-m/fpu/libc_nano.a
LOAD /opt/Atollic_TrueSTUDIO_for_STM32_x86_64_9.3.0/ARMTools/bin/../lib/gcc/arm-atollic-eabi/6.3.1/../../../../arm-atollic-eabi/lib/armv7e-m/fpu/libnosys.a
END GROUP
LOAD /opt/Atollic_TrueSTUDIO_for_STM32_x86_64_9.3.0/ARMTools/bin/../lib/gcc/arm-atollic-eabi/6.3.1/armv7e-m/fpu/crtend.o
LOAD /opt/Atollic_TrueSTUDIO_for_STM32_x86_64_9.3.0/ARMTools/bin/../lib/gcc/arm-atollic-eabi/6.3.1/armv7e-m/fpu/crtn.o
                0x0000000020030000                _estack = 0x20030000
                0x0000000000000500                _Min_Heap_Size = 0x500
                0x0000000000001000                _Min_Stack_Size = 0x1000

.isr_vector     0x0000000008000000      0x1ac
                0x0000000008000000                . = ALIGN (0x4)
 *(.isr_vector)
 .isr_vector    0x0000000008000000      0x1ac startup/startup_stm32f429xx.o
                0x0000000008000000                g_pfnVectors
                0x00000000080001ac                . = ALIGN (0x4)

.text           0x00000000080001b0    0x150a8
                0x00000000080001b0                . = ALIGN (0x4)
 *(.text)
 .text          0x00000000080001b0       0x40 /opt/Atollic_TrueSTUDIO_for_STM32_x86_64_9.3.0/ARMTools/bin/../lib/gcc/arm-atollic-eabi/6.3.1/armv7e-m/fpu/crtbegin.o
 .text          0x00000000080001f0       0xa0 /opt/Atollic_TrueSTUDIO_for_STM32_x86_64_9.3.0/ARMTools/bin/../lib/gcc/arm-atollic-eabi/6.3.1/../../../../arm-atollic-eabi/lib/armv7e-m/fpu/libc_nano.a(lib_a-memchr.o)
                0x00000000080001f0                memchr
 .text          0x0000000008000290       0x30 /opt/Atollic_TrueSTUDIO_for_STM32_x86_64_9.3.0/ARMTools/bin/../lib/gcc/arm-atollic-eabi/6.3.1/armv7e-m/fpu/libgcc.a(_aeabi_uldivmod.o)
                0x0000000008000290                __aeabi_uldivmod
 .text          0x00000000080002c0      0x2dc /opt/Atollic_TrueSTUDIO_for_STM32_x86_64_9.3.0/ARMTools/bin/../lib/gcc/arm-atollic-eabi/6.3.1/armv7e-m/fpu/libgcc.a(_udivmoddi4.o)
                0x00000000080002c0                __udivmoddi4
 .text          0x000000000800059c        0x4 /opt/Atollic_TrueSTUDIO_for_STM32_x86_64_9.3.0/ARMTools/bin/../lib/gcc/arm-atollic-eabi/6.3.1/armv7e-m/fpu/libgcc.a(_dvmd_tls.o)
                0x000000000800059c                __aeabi_ldiv0
                0x000000000800059c                __aeabi_idiv0
 *(.text*)
 .text.HAL_Init
                0x00000000080005a0       0x44 Drivers/STM32F4xx_HAL_Driver/Src/stm32f4xx_hal.o
                0x00000000080005a0                HAL_Init
 .text.HAL_IncTick
                0x00000000080005e4       0x28 Drivers/STM32F4xx_HAL_Driver/Src/stm32f4xx_hal.o
                0x00000000080005e4                HAL_IncTick
 .text.HAL_GetTick
                0x000000000800060c       0x18 Drivers/STM32F4xx_HAL_Driver/Src/stm32f4xx_hal.o
                0x000000000800060c                HAL_GetTick
 .text.HAL_Delay
                0x0000000008000624       0x44 Drivers/STM32F4xx_HAL_Driver/Src/stm32f4xx_hal.o
                0x0000000008000624                HAL_Delay
 .text.__NVIC_SetPriorityGrouping
                0x0000000008000668       0x48 Drivers/STM32F4xx_HAL_Driver/Src/stm32f4xx_hal_cortex.o
 .text.__NVIC_GetPriorityGrouping
                0x00000000080006b0       0x1c Drivers/STM32F4xx_HAL_Driver/Src/stm32f4xx_hal_cortex.o
 .text.__NVIC_EnableIRQ
                0x00000000080006cc       0x3c Drivers/STM32F4xx_HAL_Driver/Src/stm32f4xx_hal_cortex.o
 .text.__NVIC_SetPriority
                0x0000000008000708       0x54 Drivers/STM32F4xx_HAL_Driver/Src/stm32f4xx_hal_cortex.o
 .text.NVIC_EncodePriority
                0x000000000800075c       0x62 Drivers/STM32F4xx_HAL_Driver/Src/stm32f4xx_hal_cortex.o
 .text.HAL_NVIC_SetPriorityGrouping
                0x00000000080007be       0x16 Drivers/STM32F4xx_HAL_Driver/Src/stm32f4xx_hal_cortex.o
                0x00000000080007be                HAL_NVIC_SetPriorityGrouping
 .text.HAL_NVIC_SetPriority
                0x00000000080007d4       0x38 Drivers/STM32F4xx_HAL_Driver/Src/stm32f4xx_hal_cortex.o
                0x00000000080007d4                HAL_NVIC_SetPriority
 .text.HAL_NVIC_EnableIRQ
                0x000000000800080c       0x1c Drivers/STM32F4xx_HAL_Driver/Src/stm32f4xx_hal_cortex.o
                0x000000000800080c                HAL_NVIC_EnableIRQ
 .text.HAL_ETH_Init
                0x0000000008000828      0x33c Drivers/STM32F4xx_HAL_Driver/Src/stm32f4xx_hal_eth.o
                0x0000000008000828                HAL_ETH_Init
 .text.HAL_ETH_DMATxDescListInit
                0x0000000008000b64       0xd2 Drivers/STM32F4xx_HAL_Driver/Src/stm32f4xx_hal_eth.o
                0x0000000008000b64                HAL_ETH_DMATxDescListInit
 .text.HAL_ETH_DMARxDescListInit
                0x0000000008000c36       0xda Drivers/STM32F4xx_HAL_Driver/Src/stm32f4xx_hal_eth.o
                0x0000000008000c36                HAL_ETH_DMARxDescListInit
 .text.HAL_ETH_TransmitFrame
                0x0000000008000d10      0x1d4 Drivers/STM32F4xx_HAL_Driver/Src/stm32f4xx_hal_eth.o
                0x0000000008000d10                HAL_ETH_TransmitFrame
 .text.HAL_ETH_GetReceivedFrame_IT
                0x0000000008000ee4      0x110 Drivers/STM32F4xx_HAL_Driver/Src/stm32f4xx_hal_eth.o
                0x0000000008000ee4                HAL_ETH_GetReceivedFrame_IT
 .text.HAL_ETH_IRQHandler
                0x0000000008000ff4       0xce Drivers/STM32F4xx_HAL_Driver/Src/stm32f4xx_hal_eth.o
                0x0000000008000ff4                HAL_ETH_IRQHandler
 .text.HAL_ETH_TxCpltCallback
                0x00000000080010c2       0x14 Drivers/STM32F4xx_HAL_Driver/Src/stm32f4xx_hal_eth.o
                0x00000000080010c2                HAL_ETH_TxCpltCallback
 .text.HAL_ETH_ErrorCallback
                0x00000000080010d6       0x14 Drivers/STM32F4xx_HAL_Driver/Src/stm32f4xx_hal_eth.o
                0x00000000080010d6                HAL_ETH_ErrorCallback
 .text.HAL_ETH_ReadPHYRegister
                0x00000000080010ea       0xd0 Drivers/STM32F4xx_HAL_Driver/Src/stm32f4xx_hal_eth.o
                0x00000000080010ea                HAL_ETH_ReadPHYRegister
 .text.HAL_ETH_WritePHYRegister
                0x00000000080011ba       0xcc Drivers/STM32F4xx_HAL_Driver/Src/stm32f4xx_hal_eth.o
                0x00000000080011ba                HAL_ETH_WritePHYRegister
 .text.HAL_ETH_Start
                0x0000000008001286       0x5e Drivers/STM32F4xx_HAL_Driver/Src/stm32f4xx_hal_eth.o
                0x0000000008001286                HAL_ETH_Start
 .text.ETH_MACDMAConfig
                0x00000000080012e4      0x390 Drivers/STM32F4xx_HAL_Driver/Src/stm32f4xx_hal_eth.o
 .text.ETH_MACAddressConfig
                0x0000000008001674       0x70 Drivers/STM32F4xx_HAL_Driver/Src/stm32f4xx_hal_eth.o
 .text.ETH_MACTransmissionEnable
                0x00000000080016e4       0x3a Drivers/STM32F4xx_HAL_Driver/Src/stm32f4xx_hal_eth.o
 .text.ETH_MACReceptionEnable
                0x000000000800171e       0x3a Drivers/STM32F4xx_HAL_Driver/Src/stm32f4xx_hal_eth.o
 .text.ETH_DMATransmissionEnable
                0x0000000008001758       0x30 Drivers/STM32F4xx_HAL_Driver/Src/stm32f4xx_hal_eth.o
 .text.ETH_DMAReceptionEnable
                0x0000000008001788       0x30 Drivers/STM32F4xx_HAL_Driver/Src/stm32f4xx_hal_eth.o
 .text.ETH_FlushTransmitFIFO
                0x00000000080017b8       0x52 Drivers/STM32F4xx_HAL_Driver/Src/stm32f4xx_hal_eth.o
 *fill*         0x000000000800180a        0x2 
 .text.ETH_Delay
                0x000000000800180c       0x3c Drivers/STM32F4xx_HAL_Driver/Src/stm32f4xx_hal_eth.o
 .text.HAL_GPIO_Init
                0x0000000008001848      0x354 Drivers/STM32F4xx_HAL_Driver/Src/stm32f4xx_hal_gpio.o
                0x0000000008001848                HAL_GPIO_Init
 .text.HAL_GPIO_WritePin
                0x0000000008001b9c       0x32 Drivers/STM32F4xx_HAL_Driver/Src/stm32f4xx_hal_gpio.o
                0x0000000008001b9c                HAL_GPIO_WritePin
 *fill*         0x0000000008001bce        0x2 
 .text.HAL_RCC_OscConfig
                0x0000000008001bd0      0x484 Drivers/STM32F4xx_HAL_Driver/Src/stm32f4xx_hal_rcc.o
                0x0000000008001bd0                HAL_RCC_OscConfig
 .text.HAL_RCC_ClockConfig
                0x0000000008002054      0x1c4 Drivers/STM32F4xx_HAL_Driver/Src/stm32f4xx_hal_rcc.o
                0x0000000008002054                HAL_RCC_ClockConfig
 .text.HAL_RCC_GetSysClockFreq
                0x0000000008002218      0x16c Drivers/STM32F4xx_HAL_Driver/Src/stm32f4xx_hal_rcc.o
                0x0000000008002218                HAL_RCC_GetSysClockFreq
 .text.HAL_RCC_GetHCLKFreq
                0x0000000008002384       0x18 Drivers/STM32F4xx_HAL_Driver/Src/stm32f4xx_hal_rcc.o
                0x0000000008002384                HAL_RCC_GetHCLKFreq
 .text.HAL_RCC_GetPCLK2Freq
                0x000000000800239c       0x28 Drivers/STM32F4xx_HAL_Driver/Src/stm32f4xx_hal_rcc.o
                0x000000000800239c                HAL_RCC_GetPCLK2Freq
 .text.HAL_RCC_GetClockConfig
                0x00000000080023c4       0x64 Drivers/STM32F4xx_HAL_Driver/Src/stm32f4xx_hal_rcc.o
                0x00000000080023c4                HAL_RCC_GetClockConfig
 .text.HAL_TIM_Base_Init
                0x0000000008002428       0x56 Drivers/STM32F4xx_HAL_Driver/Src/stm32f4xx_hal_tim.o
                0x0000000008002428                HAL_TIM_Base_Init
 .text.HAL_TIM_Base_MspInit
                0x000000000800247e       0x14 Drivers/STM32F4xx_HAL_Driver/Src/stm32f4xx_hal_tim.o
                0x000000000800247e                HAL_TIM_Base_MspInit
 .text.HAL_TIM_Base_Start_IT
                0x0000000008002492       0x48 Drivers/STM32F4xx_HAL_Driver/Src/stm32f4xx_hal_tim.o
                0x0000000008002492                HAL_TIM_Base_Start_IT
 .text.HAL_TIM_IRQHandler
                0x00000000080024da      0x210 Drivers/STM32F4xx_HAL_Driver/Src/stm32f4xx_hal_tim.o
                0x00000000080024da                HAL_TIM_IRQHandler
 .text.HAL_TIM_OC_DelayElapsedCallback
                0x00000000080026ea       0x14 Drivers/STM32F4xx_HAL_Driver/Src/stm32f4xx_hal_tim.o
                0x00000000080026ea                HAL_TIM_OC_DelayElapsedCallback
 .text.HAL_TIM_IC_CaptureCallback
                0x00000000080026fe       0x14 Drivers/STM32F4xx_HAL_Driver/Src/stm32f4xx_hal_tim.o
                0x00000000080026fe                HAL_TIM_IC_CaptureCallback
 .text.HAL_TIM_PWM_PulseFinishedCallback
                0x0000000008002712       0x14 Drivers/STM32F4xx_HAL_Driver/Src/stm32f4xx_hal_tim.o
                0x0000000008002712                HAL_TIM_PWM_PulseFinishedCallback
 .text.HAL_TIM_TriggerCallback
                0x0000000008002726       0x14 Drivers/STM32F4xx_HAL_Driver/Src/stm32f4xx_hal_tim.o
                0x0000000008002726                HAL_TIM_TriggerCallback
 *fill*         0x000000000800273a        0x2 
 .text.TIM_Base_SetConfig
                0x000000000800273c      0x140 Drivers/STM32F4xx_HAL_Driver/Src/stm32f4xx_hal_tim.o
                0x000000000800273c                TIM_Base_SetConfig
 .text.HAL_TIMEx_CommutCallback
                0x000000000800287c       0x14 Drivers/STM32F4xx_HAL_Driver/Src/stm32f4xx_hal_tim_ex.o
                0x000000000800287c                HAL_TIMEx_CommutCallback
 .text.HAL_TIMEx_BreakCallback
                0x0000000008002890       0x14 Drivers/STM32F4xx_HAL_Driver/Src/stm32f4xx_hal_tim_ex.o
                0x0000000008002890                HAL_TIMEx_BreakCallback
 .text.makeFreeRtosPriority
                0x00000000080028a4       0x30 Middlewares/Third_Party/FreeRTOS/Source/CMSIS_RTOS/cmsis_os.o
 .text.inHandlerMode
                0x00000000080028d4       0x24 Middlewares/Third_Party/FreeRTOS/Source/CMSIS_RTOS/cmsis_os.o
 .text.osKernelStart
                0x00000000080028f8        0xe Middlewares/Third_Party/FreeRTOS/Source/CMSIS_RTOS/cmsis_os.o
                0x00000000080028f8                osKernelStart
 .text.osKernelSysTick
                0x0000000008002906       0x20 Middlewares/Third_Party/FreeRTOS/Source/CMSIS_RTOS/cmsis_os.o
                0x0000000008002906                osKernelSysTick
 .text.osThreadCreate
                0x0000000008002926       0x4e Middlewares/Third_Party/FreeRTOS/Source/CMSIS_RTOS/cmsis_os.o
                0x0000000008002926                osThreadCreate
 .text.osDelay  0x0000000008002974       0x28 Middlewares/Third_Party/FreeRTOS/Source/CMSIS_RTOS/cmsis_os.o
                0x0000000008002974                osDelay
 .text.osMutexCreate
                0x000000000800299c       0x18 Middlewares/Third_Party/FreeRTOS/Source/CMSIS_RTOS/cmsis_os.o
                0x000000000800299c                osMutexCreate
 .text.osMutexWait
                0x00000000080029b4       0x9c Middlewares/Third_Party/FreeRTOS/Source/CMSIS_RTOS/cmsis_os.o
                0x00000000080029b4                osMutexWait
 .text.osMutexRelease
                0x0000000008002a50       0x6c Middlewares/Third_Party/FreeRTOS/Source/CMSIS_RTOS/cmsis_os.o
                0x0000000008002a50                osMutexRelease
 .text.osSemaphoreCreate
                0x0000000008002abc       0x3c Middlewares/Third_Party/FreeRTOS/Source/CMSIS_RTOS/cmsis_os.o
                0x0000000008002abc                osSemaphoreCreate
 .text.osSemaphoreWait
                0x0000000008002af8       0x9c Middlewares/Third_Party/FreeRTOS/Source/CMSIS_RTOS/cmsis_os.o
                0x0000000008002af8                osSemaphoreWait
 .text.osSemaphoreRelease
                0x0000000008002b94       0x6c Middlewares/Third_Party/FreeRTOS/Source/CMSIS_RTOS/cmsis_os.o
                0x0000000008002b94                osSemaphoreRelease
 .text.osSemaphoreDelete
                0x0000000008002c00       0x26 Middlewares/Third_Party/FreeRTOS/Source/CMSIS_RTOS/cmsis_os.o
                0x0000000008002c00                osSemaphoreDelete
 .text.osMessageCreate
                0x0000000008002c26       0x24 Middlewares/Third_Party/FreeRTOS/Source/CMSIS_RTOS/cmsis_os.o
                0x0000000008002c26                osMessageCreate
 *fill*         0x0000000008002c4a        0x2 
 .text.osMessagePut
                0x0000000008002c4c       0x80 Middlewares/Third_Party/FreeRTOS/Source/CMSIS_RTOS/cmsis_os.o
                0x0000000008002c4c                osMessagePut
 .text.osMessageGet
                0x0000000008002ccc       0xe8 Middlewares/Third_Party/FreeRTOS/Source/CMSIS_RTOS/cmsis_os.o
                0x0000000008002ccc                osMessageGet
 .text.osMessageWaiting
                0x0000000008002db4       0x2c Middlewares/Third_Party/FreeRTOS/Source/CMSIS_RTOS/cmsis_os.o
                0x0000000008002db4                osMessageWaiting
 .text.osMessageDelete
                0x0000000008002de0       0x26 Middlewares/Third_Party/FreeRTOS/Source/CMSIS_RTOS/cmsis_os.o
                0x0000000008002de0                osMessageDelete
 .text.vListInitialise
                0x0000000008002e06       0x40 Middlewares/Third_Party/FreeRTOS/Source/list.o
                0x0000000008002e06                vListInitialise
 .text.vListInitialiseItem
                0x0000000008002e46       0x1a Middlewares/Third_Party/FreeRTOS/Source/list.o
                0x0000000008002e46                vListInitialiseItem
 .text.vListInsertEnd
                0x0000000008002e60       0x48 Middlewares/Third_Party/FreeRTOS/Source/list.o
                0x0000000008002e60                vListInsertEnd
 .text.vListInsert
                0x0000000008002ea8       0x72 Middlewares/Third_Party/FreeRTOS/Source/list.o
                0x0000000008002ea8                vListInsert
 .text.uxListRemove
                0x0000000008002f1a       0x54 Middlewares/Third_Party/FreeRTOS/Source/list.o
                0x0000000008002f1a                uxListRemove
 *fill*         0x0000000008002f6e        0x2 
 .text.pxPortInitialiseStack
                0x0000000008002f70       0x68 Middlewares/Third_Party/FreeRTOS/Source/portable/GCC/ARM_CM4F/port.o
                0x0000000008002f70                pxPortInitialiseStack
 .text.prvTaskExitError
                0x0000000008002fd8       0x54 Middlewares/Third_Party/FreeRTOS/Source/portable/GCC/ARM_CM4F/port.o
 *fill*         0x000000000800302c        0x4 
 .text.SVC_Handler
                0x0000000008003030       0x28 Middlewares/Third_Party/FreeRTOS/Source/portable/GCC/ARM_CM4F/port.o
                0x0000000008003030                SVC_Handler
 .text.prvPortStartFirstTask
                0x0000000008003058       0x28 Middlewares/Third_Party/FreeRTOS/Source/portable/GCC/ARM_CM4F/port.o
 .text.xPortStartScheduler
                0x0000000008003080      0x13c Middlewares/Third_Party/FreeRTOS/Source/portable/GCC/ARM_CM4F/port.o
                0x0000000008003080                xPortStartScheduler
 .text.vPortEnterCritical
                0x00000000080031bc       0x5c Middlewares/Third_Party/FreeRTOS/Source/portable/GCC/ARM_CM4F/port.o
                0x00000000080031bc                vPortEnterCritical
 .text.vPortExitCritical
                0x0000000008003218       0x50 Middlewares/Third_Party/FreeRTOS/Source/portable/GCC/ARM_CM4F/port.o
                0x0000000008003218                vPortExitCritical
 *fill*         0x0000000008003268        0x8 
 .text.PendSV_Handler
                0x0000000008003270       0x68 Middlewares/Third_Party/FreeRTOS/Source/portable/GCC/ARM_CM4F/port.o
                0x0000000008003270                PendSV_Handler
 .text.SysTick_Handler
                0x00000000080032d8       0x40 Middlewares/Third_Party/FreeRTOS/Source/portable/GCC/ARM_CM4F/port.o
                0x00000000080032d8                SysTick_Handler
 .text.vPortSetupTimerInterrupt
                0x0000000008003318       0x48 Middlewares/Third_Party/FreeRTOS/Source/portable/GCC/ARM_CM4F/port.o
                0x0000000008003318                vPortSetupTimerInterrupt
 .text.vPortEnableVFP
                0x0000000008003360       0x14 Middlewares/Third_Party/FreeRTOS/Source/portable/GCC/ARM_CM4F/port.o
 .text.vPortValidateInterruptPriority
                0x0000000008003374       0x7c Middlewares/Third_Party/FreeRTOS/Source/portable/GCC/ARM_CM4F/port.o
                0x0000000008003374                vPortValidateInterruptPriority
 .text.pvPortMalloc
                0x00000000080033f0      0x184 Middlewares/Third_Party/FreeRTOS/Source/portable/MemMang/heap_4.o
                0x00000000080033f0                pvPortMalloc
 .text.vPortFree
                0x0000000008003574       0xb0 Middlewares/Third_Party/FreeRTOS/Source/portable/MemMang/heap_4.o
                0x0000000008003574                vPortFree
 .text.prvHeapInit
                0x0000000008003624       0xc4 Middlewares/Third_Party/FreeRTOS/Source/portable/MemMang/heap_4.o
 .text.prvInsertBlockIntoFreeList
                0x00000000080036e8       0xb4 Middlewares/Third_Party/FreeRTOS/Source/portable/MemMang/heap_4.o
 .text.xQueueGenericReset
                0x000000000800379c       0xd0 Middlewares/Third_Party/FreeRTOS/Source/queue.o
                0x000000000800379c                xQueueGenericReset
 .text.xQueueGenericCreate
                0x000000000800386c       0x72 Middlewares/Third_Party/FreeRTOS/Source/queue.o
                0x000000000800386c                xQueueGenericCreate
 .text.prvInitialiseNewQueue
                0x00000000080038de       0x3e Middlewares/Third_Party/FreeRTOS/Source/queue.o
 .text.prvInitialiseMutex
                0x000000000800391c       0x34 Middlewares/Third_Party/FreeRTOS/Source/queue.o
 .text.xQueueCreateMutex
                0x0000000008003950       0x30 Middlewares/Third_Party/FreeRTOS/Source/queue.o
                0x0000000008003950                xQueueCreateMutex
 .text.xQueueGenericSend
                0x0000000008003980      0x1f4 Middlewares/Third_Party/FreeRTOS/Source/queue.o
                0x0000000008003980                xQueueGenericSend
 .text.xQueueGenericSendFromISR
                0x0000000008003b74      0x128 Middlewares/Third_Party/FreeRTOS/Source/queue.o
                0x0000000008003b74                xQueueGenericSendFromISR
 .text.xQueueGiveFromISR
                0x0000000008003c9c      0x112 Middlewares/Third_Party/FreeRTOS/Source/queue.o
                0x0000000008003c9c                xQueueGiveFromISR
 *fill*         0x0000000008003dae        0x2 
 .text.xQueueReceive
                0x0000000008003db0      0x1b8 Middlewares/Third_Party/FreeRTOS/Source/queue.o
                0x0000000008003db0                xQueueReceive
 .text.xQueueSemaphoreTake
                0x0000000008003f68      0x210 Middlewares/Third_Party/FreeRTOS/Source/queue.o
                0x0000000008003f68                xQueueSemaphoreTake
 .text.xQueueReceiveFromISR
                0x0000000008004178       0xfa Middlewares/Third_Party/FreeRTOS/Source/queue.o
                0x0000000008004178                xQueueReceiveFromISR
 .text.uxQueueMessagesWaiting
                0x0000000008004272       0x3a Middlewares/Third_Party/FreeRTOS/Source/queue.o
                0x0000000008004272                uxQueueMessagesWaiting
 .text.uxQueueMessagesWaitingFromISR
                0x00000000080042ac       0x36 Middlewares/Third_Party/FreeRTOS/Source/queue.o
                0x00000000080042ac                uxQueueMessagesWaitingFromISR
 .text.vQueueDelete
                0x00000000080042e2       0x3a Middlewares/Third_Party/FreeRTOS/Source/queue.o
                0x00000000080042e2                vQueueDelete
 .text.prvGetDisinheritPriorityAfterTimeout
                0x000000000800431c       0x30 Middlewares/Third_Party/FreeRTOS/Source/queue.o
 .text.prvCopyDataToQueue
                0x000000000800434c       0xd4 Middlewares/Third_Party/FreeRTOS/Source/queue.o
 .text.prvCopyDataFromQueue
                0x0000000008004420       0x4c Middlewares/Third_Party/FreeRTOS/Source/queue.o
 .text.prvUnlockQueue
                0x000000000800446c       0xa4 Middlewares/Third_Party/FreeRTOS/Source/queue.o
 .text.prvIsQueueEmpty
                0x0000000008004510       0x2c Middlewares/Third_Party/FreeRTOS/Source/queue.o
 .text.prvIsQueueFull
                0x000000000800453c       0x30 Middlewares/Third_Party/FreeRTOS/Source/queue.o
 .text.vQueueUnregisterQueue
                0x000000000800456c       0x54 Middlewares/Third_Party/FreeRTOS/Source/queue.o
                0x000000000800456c                vQueueUnregisterQueue
 .text.xTaskCreate
                0x00000000080045c0       0x82 Middlewares/Third_Party/FreeRTOS/Source/tasks.o
                0x00000000080045c0                xTaskCreate
 .text.prvInitialiseNewTask
                0x0000000008004642       0xfc Middlewares/Third_Party/FreeRTOS/Source/tasks.o
 *fill*         0x000000000800473e        0x2 
 .text.prvAddNewTaskToReadyList
                0x0000000008004740       0xd4 Middlewares/Third_Party/FreeRTOS/Source/tasks.o
 .text.vTaskDelay
                0x0000000008004814       0x68 Middlewares/Third_Party/FreeRTOS/Source/tasks.o
                0x0000000008004814                vTaskDelay
 .text.vTaskStartScheduler
                0x000000000800487c       0x8c Middlewares/Third_Party/FreeRTOS/Source/tasks.o
                0x000000000800487c                vTaskStartScheduler
 .text.vTaskSuspendAll
                0x0000000008004908       0x1c Middlewares/Third_Party/FreeRTOS/Source/tasks.o
                0x0000000008004908                vTaskSuspendAll
 .text.xTaskResumeAll
                0x0000000008004924      0x138 Middlewares/Third_Party/FreeRTOS/Source/tasks.o
                0x0000000008004924                xTaskResumeAll
 .text.xTaskGetTickCount
                0x0000000008004a5c       0x20 Middlewares/Third_Party/FreeRTOS/Source/tasks.o
                0x0000000008004a5c                xTaskGetTickCount
 .text.xTaskGetTickCountFromISR
                0x0000000008004a7c       0x24 Middlewares/Third_Party/FreeRTOS/Source/tasks.o
                0x0000000008004a7c                xTaskGetTickCountFromISR
 .text.xTaskIncrementTick
                0x0000000008004aa0      0x178 Middlewares/Third_Party/FreeRTOS/Source/tasks.o
                0x0000000008004aa0                xTaskIncrementTick
 .text.vTaskSwitchContext
                0x0000000008004c18       0xb4 Middlewares/Third_Party/FreeRTOS/Source/tasks.o
                0x0000000008004c18                vTaskSwitchContext
 .text.vTaskPlaceOnEventList
                0x0000000008004ccc       0x48 Middlewares/Third_Party/FreeRTOS/Source/tasks.o
                0x0000000008004ccc                vTaskPlaceOnEventList
 .text.xTaskRemoveFromEventList
                0x0000000008004d14       0xc4 Middlewares/Third_Party/FreeRTOS/Source/tasks.o
                0x0000000008004d14                xTaskRemoveFromEventList
 .text.vTaskInternalSetTimeOutState
                0x0000000008004dd8       0x2c Middlewares/Third_Party/FreeRTOS/Source/tasks.o
                0x0000000008004dd8                vTaskInternalSetTimeOutState
 .text.xTaskCheckForTimeOut
                0x0000000008004e04       0xc0 Middlewares/Third_Party/FreeRTOS/Source/tasks.o
                0x0000000008004e04                xTaskCheckForTimeOut
 .text.vTaskMissedYield
                0x0000000008004ec4       0x18 Middlewares/Third_Party/FreeRTOS/Source/tasks.o
                0x0000000008004ec4                vTaskMissedYield
 .text.prvIdleTask
                0x0000000008004edc       0x30 Middlewares/Third_Party/FreeRTOS/Source/tasks.o
 .text.prvInitialiseTaskLists
                0x0000000008004f0c       0x80 Middlewares/Third_Party/FreeRTOS/Source/tasks.o
 .text.prvCheckTasksWaitingTermination
                0x0000000008004f8c       0x58 Middlewares/Third_Party/FreeRTOS/Source/tasks.o
 .text.prvDeleteTCB
                0x0000000008004fe4       0x20 Middlewares/Third_Party/FreeRTOS/Source/tasks.o
 .text.prvResetNextTaskUnblockTime
                0x0000000008005004       0x4c Middlewares/Third_Party/FreeRTOS/Source/tasks.o
 .text.xTaskGetSchedulerState
                0x0000000008005050       0x3c Middlewares/Third_Party/FreeRTOS/Source/tasks.o
                0x0000000008005050                xTaskGetSchedulerState
 .text.xTaskPriorityInherit
                0x000000000800508c      0x10c Middlewares/Third_Party/FreeRTOS/Source/tasks.o
                0x000000000800508c                xTaskPriorityInherit
 .text.xTaskPriorityDisinherit
                0x0000000008005198      0x108 Middlewares/Third_Party/FreeRTOS/Source/tasks.o
                0x0000000008005198                xTaskPriorityDisinherit
 .text.vTaskPriorityDisinheritAfterTimeout
                0x00000000080052a0      0x13c Middlewares/Third_Party/FreeRTOS/Source/tasks.o
                0x00000000080052a0                vTaskPriorityDisinheritAfterTimeout
 .text.pvTaskIncrementMutexHeldCount
                0x00000000080053dc       0x28 Middlewares/Third_Party/FreeRTOS/Source/tasks.o
                0x00000000080053dc                pvTaskIncrementMutexHeldCount
 .text.prvAddCurrentTaskToDelayedList
                0x0000000008005404       0xcc Middlewares/Third_Party/FreeRTOS/Source/tasks.o
 .text.netconn_apimsg
                0x00000000080054d0       0x3a Middlewares/Third_Party/LwIP/src/api/api_lib.o
 *fill*         0x000000000800550a        0x2 
 .text.netconn_new_with_proto_and_callback
                0x000000000800550c       0xf4 Middlewares/Third_Party/LwIP/src/api/api_lib.o
                0x000000000800550c                netconn_new_with_proto_and_callback
 .text.netconn_delete
                0x0000000008005600       0x4c Middlewares/Third_Party/LwIP/src/api/api_lib.o
                0x0000000008005600                netconn_delete
 .text.netconn_bind
                0x000000000800564c       0x70 Middlewares/Third_Party/LwIP/src/api/api_lib.o
                0x000000000800564c                netconn_bind
 .text.netconn_listen_with_backlog
                0x00000000080056bc       0x58 Middlewares/Third_Party/LwIP/src/api/api_lib.o
                0x00000000080056bc                netconn_listen_with_backlog
 .text.netconn_accept
                0x0000000008005714       0xf8 Middlewares/Third_Party/LwIP/src/api/api_lib.o
                0x0000000008005714                netconn_accept
 .text.netconn_recv_data
                0x000000000800580c      0x1a4 Middlewares/Third_Party/LwIP/src/api/api_lib.o
 .text.netconn_recv
                0x00000000080059b0       0xf0 Middlewares/Third_Party/LwIP/src/api/api_lib.o
                0x00000000080059b0                netconn_recv
 .text.netconn_write_partly
                0x0000000008005aa0       0xf0 Middlewares/Third_Party/LwIP/src/api/api_lib.o
                0x0000000008005aa0                netconn_write_partly
 .text.netconn_close_shutdown
                0x0000000008005b90       0x60 Middlewares/Third_Party/LwIP/src/api/api_lib.o
 .text.netconn_close
                0x0000000008005bf0       0x1a Middlewares/Third_Party/LwIP/src/api/api_lib.o
                0x0000000008005bf0                netconn_close
 *fill*         0x0000000008005c0a        0x2 
 .text.recv_udp
                0x0000000008005c0c       0xfc Middlewares/Third_Party/LwIP/src/api/api_msg.o
 .text.recv_tcp
                0x0000000008005d08      0x110 Middlewares/Third_Party/LwIP/src/api/api_msg.o
 .text.poll_tcp
                0x0000000008005e18       0xc8 Middlewares/Third_Party/LwIP/src/api/api_msg.o
 .text.sent_tcp
                0x0000000008005ee0       0xa8 Middlewares/Third_Party/LwIP/src/api/api_msg.o
 .text.err_tcp  0x0000000008005f88      0x1e0 Middlewares/Third_Party/LwIP/src/api/api_msg.o
 .text.setup_tcp
                0x0000000008006168       0x50 Middlewares/Third_Party/LwIP/src/api/api_msg.o
 .text.accept_function
                0x00000000080061b8      0x148 Middlewares/Third_Party/LwIP/src/api/api_msg.o
 .text.pcb_new  0x0000000008006300       0xd4 Middlewares/Third_Party/LwIP/src/api/api_msg.o
 .text.lwip_netconn_do_newconn
                0x00000000080063d4       0x58 Middlewares/Third_Party/LwIP/src/api/api_msg.o
                0x00000000080063d4                lwip_netconn_do_newconn
 .text.netconn_alloc
                0x000000000800642c       0xe0 Middlewares/Third_Party/LwIP/src/api/api_msg.o
                0x000000000800642c                netconn_alloc
 .text.netconn_free
                0x000000000800650c       0x94 Middlewares/Third_Party/LwIP/src/api/api_msg.o
                0x000000000800650c                netconn_free
 .text.netconn_drain
                0x00000000080065a0      0x100 Middlewares/Third_Party/LwIP/src/api/api_msg.o
 .text.lwip_netconn_do_close_internal
                0x00000000080066a0      0x2f0 Middlewares/Third_Party/LwIP/src/api/api_msg.o
 .text.lwip_netconn_do_delconn
                0x0000000008006990      0x204 Middlewares/Third_Party/LwIP/src/api/api_msg.o
                0x0000000008006990                lwip_netconn_do_delconn
 .text.lwip_netconn_do_bind
                0x0000000008006b94       0xbe Middlewares/Third_Party/LwIP/src/api/api_msg.o
                0x0000000008006b94                lwip_netconn_do_bind
 *fill*         0x0000000008006c52        0x2 
 .text.lwip_netconn_do_listen
                0x0000000008006c54      0x184 Middlewares/Third_Party/LwIP/src/api/api_msg.o
                0x0000000008006c54                lwip_netconn_do_listen
 .text.lwip_netconn_do_recv
                0x0000000008006dd8       0x98 Middlewares/Third_Party/LwIP/src/api/api_msg.o
                0x0000000008006dd8                lwip_netconn_do_recv
 .text.lwip_netconn_do_writemore
                0x0000000008006e70      0x344 Middlewares/Third_Party/LwIP/src/api/api_msg.o
 .text.lwip_netconn_do_write
                0x00000000080071b4      0x160 Middlewares/Third_Party/LwIP/src/api/api_msg.o
                0x00000000080071b4                lwip_netconn_do_write
 .text.lwip_netconn_do_close
                0x0000000008007314      0x150 Middlewares/Third_Party/LwIP/src/api/api_msg.o
                0x0000000008007314                lwip_netconn_do_close
 .text.netbuf_delete
                0x0000000008007464       0x3e Middlewares/Third_Party/LwIP/src/api/netbuf.o
                0x0000000008007464                netbuf_delete
 *fill*         0x00000000080074a2        0x2 
 .text.netbuf_data
                0x00000000080074a4       0x94 Middlewares/Third_Party/LwIP/src/api/netbuf.o
                0x00000000080074a4                netbuf_data
 .text.netbuf_next
                0x0000000008007538       0x60 Middlewares/Third_Party/LwIP/src/api/netbuf.o
                0x0000000008007538                netbuf_next
 .text.tcpip_thread
                0x0000000008007598       0xcc Middlewares/Third_Party/LwIP/src/api/tcpip.o
 .text.tcpip_inpkt
                0x0000000008007664       0x88 Middlewares/Third_Party/LwIP/src/api/tcpip.o
                0x0000000008007664                tcpip_inpkt
 .text.tcpip_input
                0x00000000080076ec       0x44 Middlewares/Third_Party/LwIP/src/api/tcpip.o
                0x00000000080076ec                tcpip_input
 .text.tcpip_callback_with_block
                0x0000000008007730       0x94 Middlewares/Third_Party/LwIP/src/api/tcpip.o
                0x0000000008007730                tcpip_callback_with_block
 .text.tcpip_send_msg_wait_sem
                0x00000000080077c4       0x2c Middlewares/Third_Party/LwIP/src/api/tcpip.o
                0x00000000080077c4                tcpip_send_msg_wait_sem
 .text.tcpip_init
                0x00000000080077f0       0x94 Middlewares/Third_Party/LwIP/src/api/tcpip.o
                0x00000000080077f0                tcpip_init
 .text.lwip_htons
                0x0000000008007884       0x1c Middlewares/Third_Party/LwIP/src/core/def.o
                0x0000000008007884                lwip_htons
 .text.lwip_htonl
                0x00000000080078a0       0x32 Middlewares/Third_Party/LwIP/src/core/def.o
                0x00000000080078a0                lwip_htonl
 .text.lwip_init
                0x00000000080078d2       0x2e Middlewares/Third_Party/LwIP/src/core/init.o
                0x00000000080078d2                lwip_init
 .text.dhcp_inc_pcb_refcount
                0x0000000008007900       0xa4 Middlewares/Third_Party/LwIP/src/core/ipv4/dhcp.o
 .text.dhcp_dec_pcb_refcount
                0x00000000080079a4       0x54 Middlewares/Third_Party/LwIP/src/core/ipv4/dhcp.o
 .text.dhcp_handle_nak
                0x00000000080079f8       0x34 Middlewares/Third_Party/LwIP/src/core/ipv4/dhcp.o
 .text.dhcp_check
                0x0000000008007a2c       0x68 Middlewares/Third_Party/LwIP/src/core/ipv4/dhcp.o
 .text.dhcp_handle_offer
                0x0000000008007a94       0x48 Middlewares/Third_Party/LwIP/src/core/ipv4/dhcp.o
 .text.dhcp_select
                0x0000000008007adc      0x14c Middlewares/Third_Party/LwIP/src/core/ipv4/dhcp.o
 .text.dhcp_coarse_tmr
                0x0000000008007c28       0xa8 Middlewares/Third_Party/LwIP/src/core/ipv4/dhcp.o
                0x0000000008007c28                dhcp_coarse_tmr
 .text.dhcp_fine_tmr
                0x0000000008007cd0       0x64 Middlewares/Third_Party/LwIP/src/core/ipv4/dhcp.o
                0x0000000008007cd0                dhcp_fine_tmr
 .text.dhcp_timeout
                0x0000000008007d34       0x92 Middlewares/Third_Party/LwIP/src/core/ipv4/dhcp.o
 .text.dhcp_t1_timeout
                0x0000000008007dc6       0x5c Middlewares/Third_Party/LwIP/src/core/ipv4/dhcp.o
 .text.dhcp_t2_timeout
                0x0000000008007e22       0x64 Middlewares/Third_Party/LwIP/src/core/ipv4/dhcp.o
 *fill*         0x0000000008007e86        0x2 
 .text.dhcp_handle_ack
                0x0000000008007e88       0xc0 Middlewares/Third_Party/LwIP/src/core/ipv4/dhcp.o
 .text.dhcp_start
                0x0000000008007f48      0x118 Middlewares/Third_Party/LwIP/src/core/ipv4/dhcp.o
                0x0000000008007f48                dhcp_start
 .text.dhcp_arp_reply
                0x0000000008008060       0x58 Middlewares/Third_Party/LwIP/src/core/ipv4/dhcp.o
                0x0000000008008060                dhcp_arp_reply
 .text.dhcp_decline
                0x00000000080080b8       0xd4 Middlewares/Third_Party/LwIP/src/core/ipv4/dhcp.o
 .text.dhcp_discover
                0x000000000800818c      0x118 Middlewares/Third_Party/LwIP/src/core/ipv4/dhcp.o
 .text.dhcp_bind
                0x00000000080082a4      0x1b4 Middlewares/Third_Party/LwIP/src/core/ipv4/dhcp.o
 .text.dhcp_renew
                0x0000000008008458      0x10c Middlewares/Third_Party/LwIP/src/core/ipv4/dhcp.o
                0x0000000008008458                dhcp_renew
 .text.dhcp_rebind
                0x0000000008008564      0x10c Middlewares/Third_Party/LwIP/src/core/ipv4/dhcp.o
 .text.dhcp_reboot
                0x0000000008008670      0x128 Middlewares/Third_Party/LwIP/src/core/ipv4/dhcp.o
 .text.dhcp_release
                0x0000000008008798      0x110 Middlewares/Third_Party/LwIP/src/core/ipv4/dhcp.o
                0x0000000008008798                dhcp_release
 .text.dhcp_stop
                0x00000000080088a8       0x70 Middlewares/Third_Party/LwIP/src/core/ipv4/dhcp.o
                0x00000000080088a8                dhcp_stop
 .text.dhcp_set_state
                0x0000000008008918       0x34 Middlewares/Third_Party/LwIP/src/core/ipv4/dhcp.o
 .text.dhcp_option
                0x000000000800894c       0x74 Middlewares/Third_Party/LwIP/src/core/ipv4/dhcp.o
 .text.dhcp_option_byte
                0x00000000080089c0       0x50 Middlewares/Third_Party/LwIP/src/core/ipv4/dhcp.o
 .text.dhcp_option_short
                0x0000000008008a10       0x78 Middlewares/Third_Party/LwIP/src/core/ipv4/dhcp.o
 .text.dhcp_option_long
                0x0000000008008a88       0xb4 Middlewares/Third_Party/LwIP/src/core/ipv4/dhcp.o
 .text.dhcp_parse_reply
                0x0000000008008b3c      0x530 Middlewares/Third_Party/LwIP/src/core/ipv4/dhcp.o
 .text.dhcp_recv
                0x000000000800906c      0x1c4 Middlewares/Third_Party/LwIP/src/core/ipv4/dhcp.o
 .text.dhcp_create_msg
                0x0000000008009230      0x2c4 Middlewares/Third_Party/LwIP/src/core/ipv4/dhcp.o
 .text.dhcp_delete_msg
                0x00000000080094f4       0x84 Middlewares/Third_Party/LwIP/src/core/ipv4/dhcp.o
 .text.dhcp_option_trailer
                0x0000000008009578       0xb4 Middlewares/Third_Party/LwIP/src/core/ipv4/dhcp.o
 .text.dhcp_supplied_address
                0x000000000800962c       0x4c Middlewares/Third_Party/LwIP/src/core/ipv4/dhcp.o
                0x000000000800962c                dhcp_supplied_address
 .text.etharp_free_entry
                0x0000000008009678       0x64 Middlewares/Third_Party/LwIP/src/core/ipv4/etharp.o
 .text.etharp_tmr
                0x00000000080096dc      0x150 Middlewares/Third_Party/LwIP/src/core/ipv4/etharp.o
                0x00000000080096dc                etharp_tmr
 .text.etharp_find_entry
                0x000000000800982c      0x294 Middlewares/Third_Party/LwIP/src/core/ipv4/etharp.o
 .text.etharp_update_arp_entry
                0x0000000008009ac0      0x14c Middlewares/Third_Party/LwIP/src/core/ipv4/etharp.o
 .text.etharp_cleanup_netif
                0x0000000008009c0c       0x60 Middlewares/Third_Party/LwIP/src/core/ipv4/etharp.o
                0x0000000008009c0c                etharp_cleanup_netif
 .text.etharp_input
                0x0000000008009c6c      0x11c Middlewares/Third_Party/LwIP/src/core/ipv4/etharp.o
                0x0000000008009c6c                etharp_input
 .text.etharp_output_to_arp_index
                0x0000000008009d88      0x134 Middlewares/Third_Party/LwIP/src/core/ipv4/etharp.o
 .text.etharp_output
                0x0000000008009ebc      0x1dc Middlewares/Third_Party/LwIP/src/core/ipv4/etharp.o
                0x0000000008009ebc                etharp_output
 .text.etharp_query
                0x000000000800a098      0x294 Middlewares/Third_Party/LwIP/src/core/ipv4/etharp.o
                0x000000000800a098                etharp_query
 .text.etharp_raw
                0x000000000800a32c      0x118 Middlewares/Third_Party/LwIP/src/core/ipv4/etharp.o
 .text.etharp_request_dst
                0x000000000800a444       0x44 Middlewares/Third_Party/LwIP/src/core/ipv4/etharp.o
 .text.etharp_request
                0x000000000800a488       0x24 Middlewares/Third_Party/LwIP/src/core/ipv4/etharp.o
                0x000000000800a488                etharp_request
 .text.icmp_input
                0x000000000800a4ac      0x20c Middlewares/Third_Party/LwIP/src/core/ipv4/icmp.o
                0x000000000800a4ac                icmp_input
 .text.icmp_dest_unreach
                0x000000000800a6b8       0x20 Middlewares/Third_Party/LwIP/src/core/ipv4/icmp.o
                0x000000000800a6b8                icmp_dest_unreach
 .text.icmp_time_exceeded
                0x000000000800a6d8       0x20 Middlewares/Third_Party/LwIP/src/core/ipv4/icmp.o
                0x000000000800a6d8                icmp_time_exceeded
 .text.icmp_send_response
                0x000000000800a6f8       0xd0 Middlewares/Third_Party/LwIP/src/core/ipv4/icmp.o
 .text.ip4_route
                0x000000000800a7c8       0xd0 Middlewares/Third_Party/LwIP/src/core/ipv4/ip4.o
                0x000000000800a7c8                ip4_route
 .text.ip4_input
                0x000000000800a898      0x2b4 Middlewares/Third_Party/LwIP/src/core/ipv4/ip4.o
                0x000000000800a898                ip4_input
 .text.ip4_output_if
                0x000000000800ab4c       0x54 Middlewares/Third_Party/LwIP/src/core/ipv4/ip4.o
                0x000000000800ab4c                ip4_output_if
 .text.ip4_output_if_src
                0x000000000800aba0      0x150 Middlewares/Third_Party/LwIP/src/core/ipv4/ip4.o
                0x000000000800aba0                ip4_output_if_src
 .text.ip4_addr_isbroadcast_u32
                0x000000000800acf0       0x82 Middlewares/Third_Party/LwIP/src/core/ipv4/ip4_addr.o
                0x000000000800acf0                ip4_addr_isbroadcast_u32
 *fill*         0x000000000800ad72        0x2 
 .text.ip_reass_tmr
                0x000000000800ad74       0x58 Middlewares/Third_Party/LwIP/src/core/ipv4/ip4_frag.o
                0x000000000800ad74                ip_reass_tmr
 .text.ip_reass_free_complete_datagram
                0x000000000800adcc      0x148 Middlewares/Third_Party/LwIP/src/core/ipv4/ip4_frag.o
 .text.ip_reass_remove_oldest_datagram
                0x000000000800af14       0xc4 Middlewares/Third_Party/LwIP/src/core/ipv4/ip4_frag.o
 .text.ip_reass_enqueue_new_datagram
                0x000000000800afd8       0x74 Middlewares/Third_Party/LwIP/src/core/ipv4/ip4_frag.o
 .text.ip_reass_dequeue_datagram
                0x000000000800b04c       0x5c Middlewares/Third_Party/LwIP/src/core/ipv4/ip4_frag.o
 .text.ip_reass_chain_frag_into_datagram_and_validate
                0x000000000800b0a8      0x2d0 Middlewares/Third_Party/LwIP/src/core/ipv4/ip4_frag.o
 .text.ip4_reass
                0x000000000800b378      0x2a0 Middlewares/Third_Party/LwIP/src/core/ipv4/ip4_frag.o
                0x000000000800b378                ip4_reass
 .text.ip_frag_alloc_pbuf_custom_ref
                0x000000000800b618       0x10 Middlewares/Third_Party/LwIP/src/core/ipv4/ip4_frag.o
 .text.ip_frag_free_pbuf_custom_ref
                0x000000000800b628       0x38 Middlewares/Third_Party/LwIP/src/core/ipv4/ip4_frag.o
 .text.ipfrag_free_pbuf_custom
                0x000000000800b660       0x68 Middlewares/Third_Party/LwIP/src/core/ipv4/ip4_frag.o
 .text.ip4_frag
                0x000000000800b6c8      0x23c Middlewares/Third_Party/LwIP/src/core/ipv4/ip4_frag.o
                0x000000000800b6c8                ip4_frag
 .text.plug_holes
                0x000000000800b904      0x130 Middlewares/Third_Party/LwIP/src/core/mem.o
 .text.mem_init
                0x000000000800ba34       0xa0 Middlewares/Third_Party/LwIP/src/core/mem.o
                0x000000000800ba34                mem_init
 .text.mem_free
                0x000000000800bad4       0xdc Middlewares/Third_Party/LwIP/src/core/mem.o
                0x000000000800bad4                mem_free
 .text.mem_trim
                0x000000000800bbb0      0x1d4 Middlewares/Third_Party/LwIP/src/core/mem.o
                0x000000000800bbb0                mem_trim
 .text.mem_malloc
                0x000000000800bd84      0x1e8 Middlewares/Third_Party/LwIP/src/core/mem.o
                0x000000000800bd84                mem_malloc
 .text.memp_init_pool
                0x000000000800bf6c       0x5e Middlewares/Third_Party/LwIP/src/core/memp.o
                0x000000000800bf6c                memp_init_pool
 *fill*         0x000000000800bfca        0x2 
 .text.memp_init
                0x000000000800bfcc       0x34 Middlewares/Third_Party/LwIP/src/core/memp.o
                0x000000000800bfcc                memp_init
 .text.do_memp_malloc_pool
                0x000000000800c000       0x64 Middlewares/Third_Party/LwIP/src/core/memp.o
 .text.memp_malloc
                0x000000000800c064       0x4c Middlewares/Third_Party/LwIP/src/core/memp.o
                0x000000000800c064                memp_malloc
 .text.do_memp_free_pool
                0x000000000800c0b0       0x58 Middlewares/Third_Party/LwIP/src/core/memp.o
 .text.memp_free
                0x000000000800c108       0x54 Middlewares/Third_Party/LwIP/src/core/memp.o
                0x000000000800c108                memp_free
 .text.netif_init
                0x000000000800c15c        0xe Middlewares/Third_Party/LwIP/src/core/netif.o
                0x000000000800c15c                netif_init
 *fill*         0x000000000800c16a        0x2 
 .text.netif_add
                0x000000000800c16c       0xb8 Middlewares/Third_Party/LwIP/src/core/netif.o
                0x000000000800c16c                netif_add
 .text.netif_set_addr
                0x000000000800c224       0x56 Middlewares/Third_Party/LwIP/src/core/netif.o
                0x000000000800c224                netif_set_addr
 *fill*         0x000000000800c27a        0x2 
 .text.netif_set_ipaddr
                0x000000000800c27c       0x70 Middlewares/Third_Party/LwIP/src/core/netif.o
                0x000000000800c27c                netif_set_ipaddr
 .text.netif_set_gw
                0x000000000800c2ec       0x28 Middlewares/Third_Party/LwIP/src/core/netif.o
                0x000000000800c2ec                netif_set_gw
 .text.netif_set_netmask
                0x000000000800c314       0x28 Middlewares/Third_Party/LwIP/src/core/netif.o
                0x000000000800c314                netif_set_netmask
 .text.netif_set_default
                0x000000000800c33c       0x20 Middlewares/Third_Party/LwIP/src/core/netif.o
                0x000000000800c33c                netif_set_default
 .text.netif_set_up
                0x000000000800c35c       0x46 Middlewares/Third_Party/LwIP/src/core/netif.o
                0x000000000800c35c                netif_set_up
 .text.netif_issue_reports
                0x000000000800c3a2       0x42 Middlewares/Third_Party/LwIP/src/core/netif.o
 .text.netif_set_down
                0x000000000800c3e4       0x44 Middlewares/Third_Party/LwIP/src/core/netif.o
                0x000000000800c3e4                netif_set_down
 .text.pbuf_free_ooseq
                0x000000000800c428       0x54 Middlewares/Third_Party/LwIP/src/core/pbuf.o
 .text.pbuf_free_ooseq_callback
                0x000000000800c47c       0x14 Middlewares/Third_Party/LwIP/src/core/pbuf.o
 .text.pbuf_pool_is_empty
                0x000000000800c490       0x58 Middlewares/Third_Party/LwIP/src/core/pbuf.o
 .text.pbuf_alloc
                0x000000000800c4e8      0x328 Middlewares/Third_Party/LwIP/src/core/pbuf.o
                0x000000000800c4e8                pbuf_alloc
 .text.pbuf_alloced_custom
                0x000000000800c810       0xd4 Middlewares/Third_Party/LwIP/src/core/pbuf.o
                0x000000000800c810                pbuf_alloced_custom
 .text.pbuf_realloc
                0x000000000800c8e4      0x15c Middlewares/Third_Party/LwIP/src/core/pbuf.o
                0x000000000800c8e4                pbuf_realloc
 .text.pbuf_header_impl
                0x000000000800ca40      0x144 Middlewares/Third_Party/LwIP/src/core/pbuf.o
 .text.pbuf_header
                0x000000000800cb84       0x24 Middlewares/Third_Party/LwIP/src/core/pbuf.o
                0x000000000800cb84                pbuf_header
 .text.pbuf_header_force
                0x000000000800cba8       0x24 Middlewares/Third_Party/LwIP/src/core/pbuf.o
                0x000000000800cba8                pbuf_header_force
 .text.pbuf_free
                0x000000000800cbcc      0x134 Middlewares/Third_Party/LwIP/src/core/pbuf.o
                0x000000000800cbcc                pbuf_free
 .text.pbuf_clen
                0x000000000800cd00       0x2e Middlewares/Third_Party/LwIP/src/core/pbuf.o
                0x000000000800cd00                pbuf_clen
 *fill*         0x000000000800cd2e        0x2 
 .text.pbuf_ref
                0x000000000800cd30       0x50 Middlewares/Third_Party/LwIP/src/core/pbuf.o
                0x000000000800cd30                pbuf_ref
 .text.pbuf_cat
                0x000000000800cd80       0xac Middlewares/Third_Party/LwIP/src/core/pbuf.o
                0x000000000800cd80                pbuf_cat
 .text.pbuf_chain
                0x000000000800ce2c       0x20 Middlewares/Third_Party/LwIP/src/core/pbuf.o
                0x000000000800ce2c                pbuf_chain
 .text.pbuf_copy
                0x000000000800ce4c      0x198 Middlewares/Third_Party/LwIP/src/core/pbuf.o
                0x000000000800ce4c                pbuf_copy
 .text.pbuf_copy_partial
                0x000000000800cfe4       0xf4 Middlewares/Third_Party/LwIP/src/core/pbuf.o
                0x000000000800cfe4                pbuf_copy_partial
 .text.tcp_init
                0x000000000800d0d8        0xe Middlewares/Third_Party/LwIP/src/core/tcp.o
                0x000000000800d0d8                tcp_init
 *fill*         0x000000000800d0e6        0x2 
 .text.tcp_tmr  0x000000000800d0e8       0x2c Middlewares/Third_Party/LwIP/src/core/tcp.o
                0x000000000800d0e8                tcp_tmr
 .text.tcp_remove_listener
                0x000000000800d114       0x38 Middlewares/Third_Party/LwIP/src/core/tcp.o
 .text.tcp_listen_closed
                0x000000000800d14c       0x70 Middlewares/Third_Party/LwIP/src/core/tcp.o
 .text.tcp_close_shutdown
                0x000000000800d1bc      0x1cc Middlewares/Third_Party/LwIP/src/core/tcp.o
 .text.tcp_close_shutdown_fin
                0x000000000800d388       0xcc Middlewares/Third_Party/LwIP/src/core/tcp.o
 .text.tcp_close
                0x000000000800d454       0x30 Middlewares/Third_Party/LwIP/src/core/tcp.o
                0x000000000800d454                tcp_close
 .text.tcp_shutdown
                0x000000000800d484       0x8e Middlewares/Third_Party/LwIP/src/core/tcp.o
                0x000000000800d484                tcp_shutdown
 *fill*         0x000000000800d512        0x2 
 .text.tcp_abandon
                0x000000000800d514      0x164 Middlewares/Third_Party/LwIP/src/core/tcp.o
                0x000000000800d514                tcp_abandon
 .text.tcp_abort
                0x000000000800d678       0x18 Middlewares/Third_Party/LwIP/src/core/tcp.o
                0x000000000800d678                tcp_abort
 .text.tcp_bind
                0x000000000800d690      0x124 Middlewares/Third_Party/LwIP/src/core/tcp.o
                0x000000000800d690                tcp_bind
 .text.tcp_accept_null
                0x000000000800d7b4       0x20 Middlewares/Third_Party/LwIP/src/core/tcp.o
 .text.tcp_listen_with_backlog_and_err
                0x000000000800d7d4      0x130 Middlewares/Third_Party/LwIP/src/core/tcp.o
                0x000000000800d7d4                tcp_listen_with_backlog_and_err
 .text.tcp_update_rcv_ann_wnd
                0x000000000800d904       0xa0 Middlewares/Third_Party/LwIP/src/core/tcp.o
                0x000000000800d904                tcp_update_rcv_ann_wnd
 .text.tcp_recved
                0x000000000800d9a4       0xb4 Middlewares/Third_Party/LwIP/src/core/tcp.o
                0x000000000800d9a4                tcp_recved
 .text.tcp_new_port
                0x000000000800da58       0x88 Middlewares/Third_Party/LwIP/src/core/tcp.o
 .text.tcp_slowtmr
                0x000000000800dae0      0x580 Middlewares/Third_Party/LwIP/src/core/tcp.o
                0x000000000800dae0                tcp_slowtmr
 .text.tcp_fasttmr
                0x000000000800e060       0xc8 Middlewares/Third_Party/LwIP/src/core/tcp.o
                0x000000000800e060                tcp_fasttmr
 .text.tcp_process_refused_data
                0x000000000800e128       0xd2 Middlewares/Third_Party/LwIP/src/core/tcp.o
                0x000000000800e128                tcp_process_refused_data
 .text.tcp_segs_free
                0x000000000800e1fa       0x28 Middlewares/Third_Party/LwIP/src/core/tcp.o
                0x000000000800e1fa                tcp_segs_free
 .text.tcp_seg_free
                0x000000000800e222       0x30 Middlewares/Third_Party/LwIP/src/core/tcp.o
                0x000000000800e222                tcp_seg_free
 .text.tcp_seg_copy
                0x000000000800e252       0x38 Middlewares/Third_Party/LwIP/src/core/tcp.o
                0x000000000800e252                tcp_seg_copy
 .text.tcp_recv_null
                0x000000000800e28a       0x44 Middlewares/Third_Party/LwIP/src/core/tcp.o
                0x000000000800e28a                tcp_recv_null
 *fill*         0x000000000800e2ce        0x2 
 .text.tcp_kill_prio
                0x000000000800e2d0       0x84 Middlewares/Third_Party/LwIP/src/core/tcp.o
 .text.tcp_kill_state
                0x000000000800e354       0x94 Middlewares/Third_Party/LwIP/src/core/tcp.o
 .text.tcp_kill_timewait
                0x000000000800e3e8       0x60 Middlewares/Third_Party/LwIP/src/core/tcp.o
 .text.tcp_alloc
                0x000000000800e448      0x104 Middlewares/Third_Party/LwIP/src/core/tcp.o
                0x000000000800e448                tcp_alloc
 .text.tcp_new_ip_type
                0x000000000800e54c       0x1c Middlewares/Third_Party/LwIP/src/core/tcp.o
                0x000000000800e54c                tcp_new_ip_type
 .text.tcp_arg  0x000000000800e568       0x22 Middlewares/Third_Party/LwIP/src/core/tcp.o
                0x000000000800e568                tcp_arg
 *fill*         0x000000000800e58a        0x2 
 .text.tcp_recv
                0x000000000800e58c       0x44 Middlewares/Third_Party/LwIP/src/core/tcp.o
                0x000000000800e58c                tcp_recv
 .text.tcp_sent
                0x000000000800e5d0       0x40 Middlewares/Third_Party/LwIP/src/core/tcp.o
                0x000000000800e5d0                tcp_sent
 .text.tcp_err  0x000000000800e610       0x44 Middlewares/Third_Party/LwIP/src/core/tcp.o
                0x000000000800e610                tcp_err
 .text.tcp_accept
                0x000000000800e654       0x2e Middlewares/Third_Party/LwIP/src/core/tcp.o
                0x000000000800e654                tcp_accept
 *fill*         0x000000000800e682        0x2 
 .text.tcp_poll
                0x000000000800e684       0x48 Middlewares/Third_Party/LwIP/src/core/tcp.o
                0x000000000800e684                tcp_poll
 .text.tcp_pcb_purge
                0x000000000800e6cc       0x82 Middlewares/Third_Party/LwIP/src/core/tcp.o
                0x000000000800e6cc                tcp_pcb_purge
 *fill*         0x000000000800e74e        0x2 
 .text.tcp_pcb_remove
                0x000000000800e750       0xf8 Middlewares/Third_Party/LwIP/src/core/tcp.o
                0x000000000800e750                tcp_pcb_remove
 .text.tcp_next_iss
                0x000000000800e848       0x30 Middlewares/Third_Party/LwIP/src/core/tcp.o
                0x000000000800e848                tcp_next_iss
 .text.tcp_eff_send_mss_impl
                0x000000000800e878       0x48 Middlewares/Third_Party/LwIP/src/core/tcp.o
                0x000000000800e878                tcp_eff_send_mss_impl
 .text.tcp_netif_ip_addr_changed_pcblist
                0x000000000800e8c0       0x42 Middlewares/Third_Party/LwIP/src/core/tcp.o
 *fill*         0x000000000800e902        0x2 
 .text.tcp_netif_ip_addr_changed
                0x000000000800e904       0x80 Middlewares/Third_Party/LwIP/src/core/tcp.o
                0x000000000800e904                tcp_netif_ip_addr_changed
 .text.tcp_input
                0x000000000800e984      0x780 Middlewares/Third_Party/LwIP/src/core/tcp_in.o
                0x000000000800e984                tcp_input
 .text.tcp_input_delayed_close
                0x000000000800f104       0x64 Middlewares/Third_Party/LwIP/src/core/tcp_in.o
 .text.tcp_listen_input
                0x000000000800f168      0x1c4 Middlewares/Third_Party/LwIP/src/core/tcp_in.o
 .text.tcp_timewait_input
                0x000000000800f32c       0xd0 Middlewares/Third_Party/LwIP/src/core/tcp_in.o
 .text.tcp_process
                0x000000000800f3fc      0x774 Middlewares/Third_Party/LwIP/src/core/tcp_in.o
 .text.tcp_oos_insert_segment
                0x000000000800fb70       0xec Middlewares/Third_Party/LwIP/src/core/tcp_in.o
 .text.tcp_receive
                0x000000000800fc5c      0xff4 Middlewares/Third_Party/LwIP/src/core/tcp_in.o
 .text.tcp_getoptbyte
                0x0000000008010c50       0x78 Middlewares/Third_Party/LwIP/src/core/tcp_in.o
 .text.tcp_parseopt
                0x0000000008010cc8       0xc8 Middlewares/Third_Party/LwIP/src/core/tcp_in.o
 .text.tcp_trigger_input_pcb_close
                0x0000000008010d90       0x20 Middlewares/Third_Party/LwIP/src/core/tcp_in.o
                0x0000000008010d90                tcp_trigger_input_pcb_close
 .text.tcp_output_alloc_header
                0x0000000008010db0       0xf8 Middlewares/Third_Party/LwIP/src/core/tcp_out.o
 .text.tcp_send_fin
                0x0000000008010ea8       0x7c Middlewares/Third_Party/LwIP/src/core/tcp_out.o
                0x0000000008010ea8                tcp_send_fin
 .text.tcp_create_segment
                0x0000000008010f24      0x114 Middlewares/Third_Party/LwIP/src/core/tcp_out.o
 .text.tcp_pbuf_prealloc
                0x0000000008011038       0xc4 Middlewares/Third_Party/LwIP/src/core/tcp_out.o
 .text.tcp_write_checks
                0x00000000080110fc       0xec Middlewares/Third_Party/LwIP/src/core/tcp_out.o
 .text.tcp_write
                0x00000000080111e8      0x6b8 Middlewares/Third_Party/LwIP/src/core/tcp_out.o
                0x00000000080111e8                tcp_write
 .text.tcp_enqueue_flags
                0x00000000080118a0      0x1fc Middlewares/Third_Party/LwIP/src/core/tcp_out.o
                0x00000000080118a0                tcp_enqueue_flags
 .text.tcp_send_empty_ack
                0x0000000008011a9c       0xb8 Middlewares/Third_Party/LwIP/src/core/tcp_out.o
                0x0000000008011a9c                tcp_send_empty_ack
 .text.tcp_output
                0x0000000008011b54      0x3d0 Middlewares/Third_Party/LwIP/src/core/tcp_out.o
                0x0000000008011b54                tcp_output
 .text.tcp_output_segment
                0x0000000008011f24      0x140 Middlewares/Third_Party/LwIP/src/core/tcp_out.o
 .text.tcp_rst  0x0000000008012064       0xec Middlewares/Third_Party/LwIP/src/core/tcp_out.o
                0x0000000008012064                tcp_rst
 .text.tcp_rexmit_rto
                0x0000000008012150       0x6c Middlewares/Third_Party/LwIP/src/core/tcp_out.o
                0x0000000008012150                tcp_rexmit_rto
 .text.tcp_rexmit
                0x00000000080121bc       0xa0 Middlewares/Third_Party/LwIP/src/core/tcp_out.o
                0x00000000080121bc                tcp_rexmit
 .text.tcp_rexmit_fast
                0x000000000801225c       0xae Middlewares/Third_Party/LwIP/src/core/tcp_out.o
                0x000000000801225c                tcp_rexmit_fast
 .text.tcp_keepalive
                0x000000000801230a       0x7a Middlewares/Third_Party/LwIP/src/core/tcp_out.o
                0x000000000801230a                tcp_keepalive
 .text.tcp_zero_window_probe
                0x0000000008012384      0x138 Middlewares/Third_Party/LwIP/src/core/tcp_out.o
                0x0000000008012384                tcp_zero_window_probe
 .text.tcpip_tcp_timer
                0x00000000080124bc       0x48 Middlewares/Third_Party/LwIP/src/core/timeouts.o
 .text.tcp_timer_needed
                0x0000000008012504       0x40 Middlewares/Third_Party/LwIP/src/core/timeouts.o
                0x0000000008012504                tcp_timer_needed
 .text.cyclic_timer
                0x0000000008012544       0x2c Middlewares/Third_Party/LwIP/src/core/timeouts.o
 .text.sys_timeouts_init
                0x0000000008012570       0x50 Middlewares/Third_Party/LwIP/src/core/timeouts.o
                0x0000000008012570                sys_timeouts_init
 .text.sys_timeout
                0x00000000080125c0      0x148 Middlewares/Third_Party/LwIP/src/core/timeouts.o
                0x00000000080125c0                sys_timeout
 .text.sys_check_timeouts
                0x0000000008012708       0xa4 Middlewares/Third_Party/LwIP/src/core/timeouts.o
 .text.sys_timeouts_sleeptime
                0x00000000080127ac       0x4c Middlewares/Third_Party/LwIP/src/core/timeouts.o
 .text.sys_timeouts_mbox_fetch
                0x00000000080127f8       0x4c Middlewares/Third_Party/LwIP/src/core/timeouts.o
                0x00000000080127f8                sys_timeouts_mbox_fetch
 .text.udp_init
                0x0000000008012844        0xe Middlewares/Third_Party/LwIP/src/core/udp.o
                0x0000000008012844                udp_init
 *fill*         0x0000000008012852        0x2 
 .text.udp_new_port
                0x0000000008012854       0x70 Middlewares/Third_Party/LwIP/src/core/udp.o
 .text.udp_input_local_match
                0x00000000080128c4       0x78 Middlewares/Third_Party/LwIP/src/core/udp.o
 .text.udp_input
                0x000000000801293c      0x1cc Middlewares/Third_Party/LwIP/src/core/udp.o
                0x000000000801293c                udp_input
 .text.udp_sendto_if
                0x0000000008012b08       0x7a Middlewares/Third_Party/LwIP/src/core/udp.o
                0x0000000008012b08                udp_sendto_if
 *fill*         0x0000000008012b82        0x2 
 .text.udp_sendto_if_src
                0x0000000008012b84      0x134 Middlewares/Third_Party/LwIP/src/core/udp.o
                0x0000000008012b84                udp_sendto_if_src
 .text.udp_bind
                0x0000000008012cb8       0xe0 Middlewares/Third_Party/LwIP/src/core/udp.o
                0x0000000008012cb8                udp_bind
 .text.udp_connect
                0x0000000008012d98       0xac Middlewares/Third_Party/LwIP/src/core/udp.o
                0x0000000008012d98                udp_connect
 .text.udp_recv
                0x0000000008012e44       0x24 Middlewares/Third_Party/LwIP/src/core/udp.o
                0x0000000008012e44                udp_recv
 .text.udp_remove
                0x0000000008012e68       0x64 Middlewares/Third_Party/LwIP/src/core/udp.o
                0x0000000008012e68                udp_remove
 .text.udp_new  0x0000000008012ecc       0x2e Middlewares/Third_Party/LwIP/src/core/udp.o
                0x0000000008012ecc                udp_new
 .text.udp_new_ip_type
                0x0000000008012efa       0x1a Middlewares/Third_Party/LwIP/src/core/udp.o
                0x0000000008012efa                udp_new_ip_type
 .text.udp_netif_ip_addr_changed
                0x0000000008012f14       0x60 Middlewares/Third_Party/LwIP/src/core/udp.o
                0x0000000008012f14                udp_netif_ip_addr_changed
 .text.ethernet_input
                0x0000000008012f74      0x124 Middlewares/Third_Party/LwIP/src/netif/ethernet.o
                0x0000000008012f74                ethernet_input
 .text.ethernet_output
                0x0000000008013098       0x90 Middlewares/Third_Party/LwIP/src/netif/ethernet.o
                0x0000000008013098                ethernet_output
 .text.sys_mbox_new
                0x0000000008013128       0x3c Middlewares/Third_Party/LwIP/system/OS/sys_arch.o
                0x0000000008013128                sys_mbox_new
 .text.sys_mbox_free
                0x0000000008013164       0x24 Middlewares/Third_Party/LwIP/system/OS/sys_arch.o
                0x0000000008013164                sys_mbox_free
 .text.sys_mbox_post
                0x0000000008013188       0x2a Middlewares/Third_Party/LwIP/system/OS/sys_arch.o
                0x0000000008013188                sys_mbox_post
 .text.sys_mbox_trypost
                0x00000000080131b2       0x34 Middlewares/Third_Party/LwIP/system/OS/sys_arch.o
                0x00000000080131b2                sys_mbox_trypost
 .text.sys_arch_mbox_fetch
                0x00000000080131e6       0x7e Middlewares/Third_Party/LwIP/system/OS/sys_arch.o
                0x00000000080131e6                sys_arch_mbox_fetch
 .text.sys_arch_mbox_tryfetch
                0x0000000008013264       0x38 Middlewares/Third_Party/LwIP/system/OS/sys_arch.o
                0x0000000008013264                sys_arch_mbox_tryfetch
 .text.sys_mbox_valid
                0x000000000801329c       0x22 Middlewares/Third_Party/LwIP/system/OS/sys_arch.o
                0x000000000801329c                sys_mbox_valid
 .text.sys_mbox_set_invalid
                0x00000000080132be       0x1a Middlewares/Third_Party/LwIP/system/OS/sys_arch.o
                0x00000000080132be                sys_mbox_set_invalid
 .text.sys_sem_new
                0x00000000080132d8       0x4c Middlewares/Third_Party/LwIP/system/OS/sys_arch.o
                0x00000000080132d8                sys_sem_new
 .text.sys_arch_sem_wait
                0x0000000008013324       0x62 Middlewares/Third_Party/LwIP/system/OS/sys_arch.o
                0x0000000008013324                sys_arch_sem_wait
 .text.sys_sem_signal
                0x0000000008013386       0x1a Middlewares/Third_Party/LwIP/system/OS/sys_arch.o
                0x0000000008013386                sys_sem_signal
 .text.sys_sem_free
                0x00000000080133a0       0x1a Middlewares/Third_Party/LwIP/system/OS/sys_arch.o
                0x00000000080133a0                sys_sem_free
 .text.sys_sem_valid
                0x00000000080133ba       0x22 Middlewares/Third_Party/LwIP/system/OS/sys_arch.o
                0x00000000080133ba                sys_sem_valid
 .text.sys_sem_set_invalid
                0x00000000080133dc       0x1a Middlewares/Third_Party/LwIP/system/OS/sys_arch.o
                0x00000000080133dc                sys_sem_set_invalid
 *fill*         0x00000000080133f6        0x2 
 .text.sys_init
                0x00000000080133f8       0x1c Middlewares/Third_Party/LwIP/system/OS/sys_arch.o
                0x00000000080133f8                sys_init
 .text.sys_mutex_new
                0x0000000008013414       0x34 Middlewares/Third_Party/LwIP/system/OS/sys_arch.o
                0x0000000008013414                sys_mutex_new
 .text.sys_mutex_lock
                0x0000000008013448       0x1e Middlewares/Third_Party/LwIP/system/OS/sys_arch.o
                0x0000000008013448                sys_mutex_lock
 .text.sys_mutex_unlock
                0x0000000008013466       0x1a Middlewares/Third_Party/LwIP/system/OS/sys_arch.o
                0x0000000008013466                sys_mutex_unlock
 .text.sys_thread_new
                0x0000000008013480       0x3a Middlewares/Third_Party/LwIP/system/OS/sys_arch.o
                0x0000000008013480                sys_thread_new
 *fill*         0x00000000080134ba        0x2 
 .text.sys_arch_protect
                0x00000000080134bc       0x1c Middlewares/Third_Party/LwIP/system/OS/sys_arch.o
                0x00000000080134bc                sys_arch_protect
 .text.sys_arch_unprotect
                0x00000000080134d8       0x20 Middlewares/Third_Party/LwIP/system/OS/sys_arch.o
                0x00000000080134d8                sys_arch_unprotect
 .text.HAL_ETH_MspInit
                0x00000000080134f8      0x18c Src/ethernetif.o
                0x00000000080134f8                HAL_ETH_MspInit
 .text.HAL_ETH_RxCpltCallback
                0x0000000008013684       0x20 Src/ethernetif.o
                0x0000000008013684                HAL_ETH_RxCpltCallback
 .text.low_level_init
                0x00000000080136a4      0x1ac Src/ethernetif.o
 .text.low_level_output
                0x0000000008013850      0x13c Src/ethernetif.o
 .text.low_level_input
                0x000000000801398c      0x164 Src/ethernetif.o
 .text.ethernetif_input
                0x0000000008013af0       0x50 Src/ethernetif.o
                0x0000000008013af0                ethernetif_input
 .text.ethernetif_init
                0x0000000008013b40       0x5c Src/ethernetif.o
                0x0000000008013b40                ethernetif_init
 .text.sys_now  0x0000000008013b9c        0xe Src/ethernetif.o
                0x0000000008013b9c                sys_now
 *fill*         0x0000000008013baa        0x2 
 .text.MX_FREERTOS_Init
                0x0000000008013bac       0x60 Src/freertos.o
                0x0000000008013bac                MX_FREERTOS_Init
 .text.tcpecho_thread
                0x0000000008013c0c      0x100 Src/freertos.o
 .text.StartDefaultTask
                0x0000000008013d0c       0x34 Src/freertos.o
                0x0000000008013d0c                StartDefaultTask
 .text.StartBlinkTask
                0x0000000008013d40       0x38 Src/freertos.o
                0x0000000008013d40                StartBlinkTask
 .text.MX_GPIO_Init
                0x0000000008013d78       0xc0 Src/gpio.o
                0x0000000008013d78                MX_GPIO_Init
 .text.MX_LWIP_Init
                0x0000000008013e38       0x80 Src/lwip.o
                0x0000000008013e38                MX_LWIP_Init
 .text.main     0x0000000008013eb8       0x1a Src/main.o
                0x0000000008013eb8                main
 *fill*         0x0000000008013ed2        0x2 
 .text.SystemClock_Config
                0x0000000008013ed4       0xd8 Src/main.o
                0x0000000008013ed4                SystemClock_Config
 .text.HAL_TIM_PeriodElapsedCallback
                0x0000000008013fac       0x24 Src/main.o
                0x0000000008013fac                HAL_TIM_PeriodElapsedCallback
 .text.Error_Handler
                0x0000000008013fd0        0xe Src/main.o
                0x0000000008013fd0                Error_Handler
 *fill*         0x0000000008013fde        0x2 
 .text.HAL_MspInit
                0x0000000008013fe0       0x58 Src/stm32f4xx_hal_msp.o
                0x0000000008013fe0                HAL_MspInit
 .text.HAL_InitTick
                0x0000000008014038       0xb4 Src/stm32f4xx_hal_timebase_tim.o
                0x0000000008014038                HAL_InitTick
 .text.NMI_Handler
                0x00000000080140ec        0xe Src/stm32f4xx_it.o
                0x00000000080140ec                NMI_Handler
 .text.HardFault_Handler
                0x00000000080140fa        0x6 Src/stm32f4xx_it.o
                0x00000000080140fa                HardFault_Handler
 .text.MemManage_Handler
                0x0000000008014100        0x6 Src/stm32f4xx_it.o
                0x0000000008014100                MemManage_Handler
 .text.BusFault_Handler
                0x0000000008014106        0x6 Src/stm32f4xx_it.o
                0x0000000008014106                BusFault_Handler
 .text.UsageFault_Handler
                0x000000000801410c        0x6 Src/stm32f4xx_it.o
                0x000000000801410c                UsageFault_Handler
 .text.DebugMon_Handler
                0x0000000008014112        0xe Src/stm32f4xx_it.o
                0x0000000008014112                DebugMon_Handler
 .text.TIM1_UP_TIM10_IRQHandler
                0x0000000008014120       0x14 Src/stm32f4xx_it.o
                0x0000000008014120                TIM1_UP_TIM10_IRQHandler
 .text.ETH_IRQHandler
                0x0000000008014134       0x14 Src/stm32f4xx_it.o
                0x0000000008014134                ETH_IRQHandler
 .text._read    0x0000000008014148       0x3a Src/syscalls.o
                0x0000000008014148                _read
 .text._write   0x0000000008014182       0x38 Src/syscalls.o
                0x0000000008014182                _write
 *fill*         0x00000000080141ba        0x2 
 .text._sbrk    0x00000000080141bc       0x5c Src/syscalls.o
                0x00000000080141bc                _sbrk
 .text._close   0x0000000008014218       0x18 Src/syscalls.o
                0x0000000008014218                _close
 .text._fstat   0x0000000008014230       0x20 Src/syscalls.o
                0x0000000008014230                _fstat
 .text._isatty  0x0000000008014250       0x16 Src/syscalls.o
                0x0000000008014250                _isatty
 .text._lseek   0x0000000008014266       0x1a Src/syscalls.o
                0x0000000008014266                _lseek
 .text.SystemInit
                0x0000000008014280       0x6c Src/system_stm32f4xx.o
                0x0000000008014280                SystemInit
 .text.Reset_Handler
                0x00000000080142ec       0x50 startup/startup_stm32f429xx.o
                0x00000000080142ec                Reset_Handler
 .text.Default_Handler
                0x000000000801433c        0x2 startup/startup_stm32f429xx.o
                0x000000000801433c                RTC_Alarm_IRQHandler
                0x000000000801433c                HASH_RNG_IRQHandler
                0x000000000801433c                EXTI2_IRQHandler
                0x000000000801433c                TIM8_CC_IRQHandler
                0x000000000801433c                UART8_IRQHandler
                0x000000000801433c                SPI4_IRQHandler
                0x000000000801433c                TIM1_CC_IRQHandler
                0x000000000801433c                DMA2_Stream5_IRQHandler
                0x000000000801433c                DMA1_Stream5_IRQHandler
                0x000000000801433c                PVD_IRQHandler
                0x000000000801433c                SDIO_IRQHandler
                0x000000000801433c                TAMP_STAMP_IRQHandler
                0x000000000801433c                CAN2_RX1_IRQHandler
                0x000000000801433c                EXTI3_IRQHandler
                0x000000000801433c                TIM8_TRG_COM_TIM14_IRQHandler
                0x000000000801433c                TIM8_UP_TIM13_IRQHandler
                0x000000000801433c                I2C3_ER_IRQHandler
                0x000000000801433c                EXTI0_IRQHandler
                0x000000000801433c                I2C2_EV_IRQHandler
                0x000000000801433c                DMA1_Stream2_IRQHandler
                0x000000000801433c                CAN1_RX0_IRQHandler
                0x000000000801433c                FPU_IRQHandler
                0x000000000801433c                OTG_HS_WKUP_IRQHandler
                0x000000000801433c                LTDC_ER_IRQHandler
                0x000000000801433c                CAN2_SCE_IRQHandler
                0x000000000801433c                DMA2_Stream2_IRQHandler
                0x000000000801433c                SPI1_IRQHandler
                0x000000000801433c                TIM6_DAC_IRQHandler
                0x000000000801433c                TIM1_BRK_TIM9_IRQHandler
                0x000000000801433c                DCMI_IRQHandler
                0x000000000801433c                CAN2_RX0_IRQHandler
                0x000000000801433c                DMA2_Stream3_IRQHandler
                0x000000000801433c                USART6_IRQHandler
                0x000000000801433c                USART3_IRQHandler
                0x000000000801433c                CAN1_RX1_IRQHandler
                0x000000000801433c                UART5_IRQHandler
                0x000000000801433c                DMA2_Stream0_IRQHandler
                0x000000000801433c                TIM4_IRQHandler
                0x000000000801433c                I2C1_EV_IRQHandler
                0x000000000801433c                DMA1_Stream6_IRQHandler
                0x000000000801433c                DMA1_Stream1_IRQHandler
                0x000000000801433c                UART4_IRQHandler
                0x000000000801433c                TIM3_IRQHandler
                0x000000000801433c                RCC_IRQHandler
                0x000000000801433c                TIM8_BRK_TIM12_IRQHandler
                0x000000000801433c                Default_Handler
                0x000000000801433c                EXTI15_10_IRQHandler
                0x000000000801433c                ADC_IRQHandler
                0x000000000801433c                DMA1_Stream7_IRQHandler
                0x000000000801433c                SPI5_IRQHandler
                0x000000000801433c                TIM7_IRQHandler
                0x000000000801433c                CAN2_TX_IRQHandler
                0x000000000801433c                TIM5_IRQHandler
                0x000000000801433c                DMA2_Stream7_IRQHandler
                0x000000000801433c                I2C3_EV_IRQHandler
                0x000000000801433c                EXTI9_5_IRQHandler
                0x000000000801433c                RTC_WKUP_IRQHandler
                0x000000000801433c                LTDC_IRQHandler
                0x000000000801433c                ETH_WKUP_IRQHandler
                0x000000000801433c                SPI2_IRQHandler
                0x000000000801433c                OTG_HS_EP1_IN_IRQHandler
                0x000000000801433c                DMA1_Stream0_IRQHandler
                0x000000000801433c                CAN1_TX_IRQHandler
                0x000000000801433c                EXTI4_IRQHandler
                0x000000000801433c                OTG_HS_EP1_OUT_IRQHandler
                0x000000000801433c                WWDG_IRQHandler
                0x000000000801433c                SPI6_IRQHandler
                0x000000000801433c                TIM2_IRQHandler
                0x000000000801433c                OTG_FS_WKUP_IRQHandler
                0x000000000801433c                TIM1_TRG_COM_TIM11_IRQHandler
                0x000000000801433c                OTG_HS_IRQHandler
                0x000000000801433c                DMA2D_IRQHandler
                0x000000000801433c                EXTI1_IRQHandler
                0x000000000801433c                UART7_IRQHandler
                0x000000000801433c                USART2_IRQHandler
                0x000000000801433c                I2C2_ER_IRQHandler
                0x000000000801433c                DMA2_Stream1_IRQHandler
                0x000000000801433c                CAN1_SCE_IRQHandler
                0x000000000801433c                FLASH_IRQHandler
                0x000000000801433c                DMA2_Stream4_IRQHandler
                0x000000000801433c                USART1_IRQHandler
                0x000000000801433c                OTG_FS_IRQHandler
                0x000000000801433c                SPI3_IRQHandler
                0x000000000801433c                DMA1_Stream4_IRQHandler
                0x000000000801433c                I2C1_ER_IRQHandler
                0x000000000801433c                FMC_IRQHandler
                0x000000000801433c                DMA2_Stream6_IRQHandler
                0x000000000801433c                SAI1_IRQHandler
                0x000000000801433c                DMA1_Stream3_IRQHandler
 *fill*         0x000000000801433e        0x2 
 .text.__libc_init_array
                0x0000000008014340       0x48 /opt/Atollic_TrueSTUDIO_for_STM32_x86_64_9.3.0/ARMTools/bin/../lib/gcc/arm-atollic-eabi/6.3.1/../../../../arm-atollic-eabi/lib/armv7e-m/fpu/libc_nano.a(lib_a-init.o)
                0x0000000008014340                __libc_init_array
 .text.memcmp   0x0000000008014388       0x1e /opt/Atollic_TrueSTUDIO_for_STM32_x86_64_9.3.0/ARMTools/bin/../lib/gcc/arm-atollic-eabi/6.3.1/../../../../arm-atollic-eabi/lib/armv7e-m/fpu/libc_nano.a(lib_a-memcmp.o)
                0x0000000008014388                memcmp
 .text.memcpy   0x00000000080143a6       0x16 /opt/Atollic_TrueSTUDIO_for_STM32_x86_64_9.3.0/ARMTools/bin/../lib/gcc/arm-atollic-eabi/6.3.1/../../../../arm-atollic-eabi/lib/armv7e-m/fpu/libc_nano.a(lib_a-memcpy-stub.o)
                0x00000000080143a6                memcpy
 .text.memset   0x00000000080143bc       0x10 /opt/Atollic_TrueSTUDIO_for_STM32_x86_64_9.3.0/ARMTools/bin/../lib/gcc/arm-atollic-eabi/6.3.1/../../../../arm-atollic-eabi/lib/armv7e-m/fpu/libc_nano.a(lib_a-memset.o)
                0x00000000080143bc                memset
 .text.printf   0x00000000080143cc       0x30 /opt/Atollic_TrueSTUDIO_for_STM32_x86_64_9.3.0/ARMTools/bin/../lib/gcc/arm-atollic-eabi/6.3.1/../../../../arm-atollic-eabi/lib/armv7e-m/fpu/libc_nano.a(lib_a-printf.o)
                0x00000000080143cc                printf
                0x00000000080143cc                iprintf
 .text.rand     0x00000000080143fc       0x74 /opt/Atollic_TrueSTUDIO_for_STM32_x86_64_9.3.0/ARMTools/bin/../lib/gcc/arm-atollic-eabi/6.3.1/../../../../arm-atollic-eabi/lib/armv7e-m/fpu/libc_nano.a(lib_a-rand.o)
                0x00000000080143fc                rand
 .text._cleanup_r
                0x0000000008014470        0xc /opt/Atollic_TrueSTUDIO_for_STM32_x86_64_9.3.0/ARMTools/bin/../lib/gcc/arm-atollic-eabi/6.3.1/../../../../arm-atollic-eabi/lib/armv7e-m/fpu/libc_nano.a(lib_a-findfp.o)
                0x0000000008014470                _cleanup_r
 .text.std.isra.0
                0x000000000801447c       0x48 /opt/Atollic_TrueSTUDIO_for_STM32_x86_64_9.3.0/ARMTools/bin/../lib/gcc/arm-atollic-eabi/6.3.1/../../../../arm-atollic-eabi/lib/armv7e-m/fpu/libc_nano.a(lib_a-findfp.o)
 .text.__sfmoreglue
                0x00000000080144c4       0x2c /opt/Atollic_TrueSTUDIO_for_STM32_x86_64_9.3.0/ARMTools/bin/../lib/gcc/arm-atollic-eabi/6.3.1/../../../../arm-atollic-eabi/lib/armv7e-m/fpu/libc_nano.a(lib_a-findfp.o)
                0x00000000080144c4                __sfmoreglue
 .text.__sinit  0x00000000080144f0       0x60 /opt/Atollic_TrueSTUDIO_for_STM32_x86_64_9.3.0/ARMTools/bin/../lib/gcc/arm-atollic-eabi/6.3.1/../../../../arm-atollic-eabi/lib/armv7e-m/fpu/libc_nano.a(lib_a-findfp.o)
                0x00000000080144f0                __sinit
 .text.__sfp    0x0000000008014550       0x78 /opt/Atollic_TrueSTUDIO_for_STM32_x86_64_9.3.0/ARMTools/bin/../lib/gcc/arm-atollic-eabi/6.3.1/../../../../arm-atollic-eabi/lib/armv7e-m/fpu/libc_nano.a(lib_a-findfp.o)
                0x0000000008014550                __sfp
 .text._fwalk_reent
                0x00000000080145c8       0x3c /opt/Atollic_TrueSTUDIO_for_STM32_x86_64_9.3.0/ARMTools/bin/../lib/gcc/arm-atollic-eabi/6.3.1/../../../../arm-atollic-eabi/lib/armv7e-m/fpu/libc_nano.a(lib_a-fwalk.o)
                0x00000000080145c8                _fwalk_reent
 .text.malloc   0x0000000008014604       0x10 /opt/Atollic_TrueSTUDIO_for_STM32_x86_64_9.3.0/ARMTools/bin/../lib/gcc/arm-atollic-eabi/6.3.1/../../../../arm-atollic-eabi/lib/armv7e-m/fpu/libc_nano.a(lib_a-malloc.o)
                0x0000000008014604                malloc
 .text._free_r  0x0000000008014614       0x9c /opt/Atollic_TrueSTUDIO_for_STM32_x86_64_9.3.0/ARMTools/bin/../lib/gcc/arm-atollic-eabi/6.3.1/../../../../arm-atollic-eabi/lib/armv7e-m/fpu/libc_nano.a(lib_a-nano-freer.o)
                0x0000000008014614                _free_r
 .text._malloc_r
                0x00000000080146b0       0xbc /opt/Atollic_TrueSTUDIO_for_STM32_x86_64_9.3.0/ARMTools/bin/../lib/gcc/arm-atollic-eabi/6.3.1/../../../../arm-atollic-eabi/lib/armv7e-m/fpu/libc_nano.a(lib_a-nano-mallocr.o)
                0x00000000080146b0                _malloc_r
 .text.__sfputc_r
                0x000000000801476c       0x30 /opt/Atollic_TrueSTUDIO_for_STM32_x86_64_9.3.0/ARMTools/bin/../lib/gcc/arm-atollic-eabi/6.3.1/../../../../arm-atollic-eabi/lib/armv7e-m/fpu/libc_nano.a(lib_a-nano-vfprintf.o)
 .text.__sfputs_r
                0x000000000801479c       0x24 /opt/Atollic_TrueSTUDIO_for_STM32_x86_64_9.3.0/ARMTools/bin/../lib/gcc/arm-atollic-eabi/6.3.1/../../../../arm-atollic-eabi/lib/armv7e-m/fpu/libc_nano.a(lib_a-nano-vfprintf.o)
                0x000000000801479c                __sfputs_r
 .text._vfprintf_r
                0x00000000080147c0      0x22c /opt/Atollic_TrueSTUDIO_for_STM32_x86_64_9.3.0/ARMTools/bin/../lib/gcc/arm-atollic-eabi/6.3.1/../../../../arm-atollic-eabi/lib/armv7e-m/fpu/libc_nano.a(lib_a-nano-vfprintf.o)
                0x00000000080147c0                _vfiprintf_r
                0x00000000080147c0                _vfprintf_r
 .text._printf_common
                0x00000000080149ec       0xec /opt/Atollic_TrueSTUDIO_for_STM32_x86_64_9.3.0/ARMTools/bin/../lib/gcc/arm-atollic-eabi/6.3.1/../../../../arm-atollic-eabi/lib/armv7e-m/fpu/libc_nano.a(lib_a-nano-vfprintf_i.o)
                0x00000000080149ec                _printf_common
 .text._printf_i
                0x0000000008014ad8      0x240 /opt/Atollic_TrueSTUDIO_for_STM32_x86_64_9.3.0/ARMTools/bin/../lib/gcc/arm-atollic-eabi/6.3.1/../../../../arm-atollic-eabi/lib/armv7e-m/fpu/libc_nano.a(lib_a-nano-vfprintf_i.o)
                0x0000000008014ad8                _printf_i
 .text._sbrk_r  0x0000000008014d18       0x20 /opt/Atollic_TrueSTUDIO_for_STM32_x86_64_9.3.0/ARMTools/bin/../lib/gcc/arm-atollic-eabi/6.3.1/../../../../arm-atollic-eabi/lib/armv7e-m/fpu/libc_nano.a(lib_a-sbrkr.o)
                0x0000000008014d18                _sbrk_r
 .text.__sread  0x0000000008014d38       0x22 /opt/Atollic_TrueSTUDIO_for_STM32_x86_64_9.3.0/ARMTools/bin/../lib/gcc/arm-atollic-eabi/6.3.1/../../../../arm-atollic-eabi/lib/armv7e-m/fpu/libc_nano.a(lib_a-stdio.o)
                0x0000000008014d38                __sread
 .text.__swrite
                0x0000000008014d5a       0x38 /opt/Atollic_TrueSTUDIO_for_STM32_x86_64_9.3.0/ARMTools/bin/../lib/gcc/arm-atollic-eabi/6.3.1/../../../../arm-atollic-eabi/lib/armv7e-m/fpu/libc_nano.a(lib_a-stdio.o)
                0x0000000008014d5a                __swrite
 .text.__sseek  0x0000000008014d92       0x24 /opt/Atollic_TrueSTUDIO_for_STM32_x86_64_9.3.0/ARMTools/bin/../lib/gcc/arm-atollic-eabi/6.3.1/../../../../arm-atollic-eabi/lib/armv7e-m/fpu/libc_nano.a(lib_a-stdio.o)
                0x0000000008014d92                __sseek
 .text.__sclose
                0x0000000008014db6        0x8 /opt/Atollic_TrueSTUDIO_for_STM32_x86_64_9.3.0/ARMTools/bin/../lib/gcc/arm-atollic-eabi/6.3.1/../../../../arm-atollic-eabi/lib/armv7e-m/fpu/libc_nano.a(lib_a-stdio.o)
                0x0000000008014db6                __sclose
 *fill*         0x0000000008014dbe        0x2 
 .text.__swbuf_r